Archive member included to satisfy reference by file (symbol)

C:\REPOS\Proyecto_Integrador\synergy\ssp\src\framework\el\tx\cm4_gcc\libtx.a(txe_semaphore_create.o)
                              ./src/synergy_gen/main.o (_txe_semaphore_create)
C:\REPOS\Proyecto_Integrador\synergy\ssp\src\framework\el\tx\cm4_gcc\libtx.a(txe_semaphore_get.o)
                              ./src/synergy_gen/main.o (_txe_semaphore_get)
C:\REPOS\Proyecto_Integrador\synergy\ssp\src\framework\el\tx\cm4_gcc\libtx.a(txe_semaphore_put.o)
                              ./src/synergy_gen/main.o (_txe_semaphore_put)
C:\REPOS\Proyecto_Integrador\synergy\ssp\src\framework\el\tx\cm4_gcc\libtx.a(txe_thread_create.o)
                              ./src/synergy_gen/lcd_thread.o (_txe_thread_create)
C:\REPOS\Proyecto_Integrador\synergy\ssp\src\framework\el\tx\cm4_gcc\libtx.a(tx_initialize_high_level.o)
                              C:\REPOS\Proyecto_Integrador\synergy\ssp\src\framework\el\tx\cm4_gcc\libtx.a(txe_semaphore_create.o) (_tx_semaphore_created_ptr)
C:\REPOS\Proyecto_Integrador\synergy\ssp\src\framework\el\tx\cm4_gcc\libtx.a(tx_initialize_kernel_enter.o)
                              ./src/synergy_gen/main.o (_tx_initialize_kernel_enter)
C:\REPOS\Proyecto_Integrador\synergy\ssp\src\framework\el\tx\cm4_gcc\libtx.a(tx_isr_end.o)
                              ./synergy/ssp/src/driver/r_sci_spi/r_sci_spi.o (tx_isr_end)
C:\REPOS\Proyecto_Integrador\synergy\ssp\src\framework\el\tx\cm4_gcc\libtx.a(tx_isr_start.o)
                              ./synergy/ssp/src/driver/r_sci_spi/r_sci_spi.o (tx_isr_start)
C:\REPOS\Proyecto_Integrador\synergy\ssp\src\framework\el\tx\cm4_gcc\libtx.a(tx_semaphore_create.o)
                              C:\REPOS\Proyecto_Integrador\synergy\ssp\src\framework\el\tx\cm4_gcc\libtx.a(txe_semaphore_create.o) (_tx_semaphore_create)
C:\REPOS\Proyecto_Integrador\synergy\ssp\src\framework\el\tx\cm4_gcc\libtx.a(tx_semaphore_get.o)
                              C:\REPOS\Proyecto_Integrador\synergy\ssp\src\framework\el\tx\cm4_gcc\libtx.a(txe_semaphore_get.o) (_tx_semaphore_get)
C:\REPOS\Proyecto_Integrador\synergy\ssp\src\framework\el\tx\cm4_gcc\libtx.a(tx_semaphore_put.o)
                              C:\REPOS\Proyecto_Integrador\synergy\ssp\src\framework\el\tx\cm4_gcc\libtx.a(txe_semaphore_put.o) (_tx_semaphore_put)
C:\REPOS\Proyecto_Integrador\synergy\ssp\src\framework\el\tx\cm4_gcc\libtx.a(tx_thread_create.o)
                              C:\REPOS\Proyecto_Integrador\synergy\ssp\src\framework\el\tx\cm4_gcc\libtx.a(txe_thread_create.o) (_tx_thread_create)
C:\REPOS\Proyecto_Integrador\synergy\ssp\src\framework\el\tx\cm4_gcc\libtx.a(tx_thread_initialize.o)
                              C:\REPOS\Proyecto_Integrador\synergy\ssp\src\framework\el\tx\cm4_gcc\libtx.a(tx_initialize_high_level.o) (_tx_thread_initialize)
C:\REPOS\Proyecto_Integrador\synergy\ssp\src\framework\el\tx\cm4_gcc\libtx.a(tx_thread_shell_entry.o)
                              C:\REPOS\Proyecto_Integrador\synergy\ssp\src\framework\el\tx\cm4_gcc\libtx.a(tx_thread_create.o) (_tx_thread_shell_entry)
C:\REPOS\Proyecto_Integrador\synergy\ssp\src\framework\el\tx\cm4_gcc\libtx.a(tx_thread_sleep.o)
                              ./src/lcd_thread_entry.o (_tx_thread_sleep)
C:\REPOS\Proyecto_Integrador\synergy\ssp\src\framework\el\tx\cm4_gcc\libtx.a(tx_thread_system_preempt_check.o)
                              C:\REPOS\Proyecto_Integrador\synergy\ssp\src\framework\el\tx\cm4_gcc\libtx.a(txe_semaphore_create.o) (_tx_thread_system_preempt_check)
C:\REPOS\Proyecto_Integrador\synergy\ssp\src\framework\el\tx\cm4_gcc\libtx.a(tx_thread_system_resume.o)
                              C:\REPOS\Proyecto_Integrador\synergy\ssp\src\framework\el\tx\cm4_gcc\libtx.a(tx_semaphore_put.o) (_tx_thread_system_resume)
C:\REPOS\Proyecto_Integrador\synergy\ssp\src\framework\el\tx\cm4_gcc\libtx.a(tx_thread_system_suspend.o)
                              C:\REPOS\Proyecto_Integrador\synergy\ssp\src\framework\el\tx\cm4_gcc\libtx.a(tx_semaphore_get.o) (_tx_thread_system_suspend)
C:\REPOS\Proyecto_Integrador\synergy\ssp\src\framework\el\tx\cm4_gcc\libtx.a(tx_thread_timeout.o)
                              C:\REPOS\Proyecto_Integrador\synergy\ssp\src\framework\el\tx\cm4_gcc\libtx.a(tx_thread_create.o) (_tx_thread_timeout)
C:\REPOS\Proyecto_Integrador\synergy\ssp\src\framework\el\tx\cm4_gcc\libtx.a(tx_timer_initialize.o)
                              C:\REPOS\Proyecto_Integrador\synergy\ssp\src\framework\el\tx\cm4_gcc\libtx.a(tx_initialize_high_level.o) (_tx_timer_initialize)
C:\REPOS\Proyecto_Integrador\synergy\ssp\src\framework\el\tx\cm4_gcc\libtx.a(tx_timer_system_activate.o)
                              C:\REPOS\Proyecto_Integrador\synergy\ssp\src\framework\el\tx\cm4_gcc\libtx.a(tx_thread_system_suspend.o) (_tx_timer_system_activate)
C:\REPOS\Proyecto_Integrador\synergy\ssp\src\framework\el\tx\cm4_gcc\libtx.a(tx_timer_system_deactivate.o)
[...]
Memory Configuration

Name             Origin             Length             Attributes
FLASH            0x00000000         0x00400000         xr
RAM              0x1ffe0000         0x000a0000         xrw
DATA_FLASH       0x40100000         0x00010000         xr
QSPI_FLASH       0x60000000         0x04000000         xr
SDRAM            0x90000000         0x02000000         xrw
ID_CODES         0x40120050         0x00000010         xr
*default*        0x00000000         0xffffffff

Linker script and memory map

LOAD c:/program files (x86)/gnu tools arm embedded/7 2017-q4-major/bin/../lib/gcc/arm-none-eabi/7.2.1/thumb/v7e-m/fpv4-sp/hard/crti.o
LOAD c:/program files (x86)/gnu tools arm embedded/7 2017-q4-major/bin/../lib/gcc/arm-none-eabi/7.2.1/thumb/v7e-m/fpv4-sp/hard/crtbegin.o
LOAD c:/program files (x86)/gnu tools arm embedded/7 2017-q4-major/bin/../lib/gcc/arm-none-eabi/7.2.1/../../../../arm-none-eabi/lib/thumb/v7e-m/fpv4-sp/hard/rdimon-crt0.o
START GROUP
LOAD ./synergy/ssp/src/driver/r_sci_spi/r_sci_spi.o
LOAD ./synergy/ssp/src/driver/r_ioport/r_ioport.o
LOAD ./synergy/ssp/src/driver/r_fmi/r_fmi.o
LOAD ./synergy/ssp/src/driver/r_elc/r_elc.o
LOAD ./synergy/ssp/src/driver/r_dtc/r_dtc.o
LOAD ./synergy/ssp/src/driver/r_cgc/hw/hw_cgc.o
LOAD ./synergy/ssp/src/driver/r_cgc/r_cgc.o
LOAD ./synergy/ssp/src/driver/r_adc/r_adc.o
LOAD ./synergy/ssp/src/bsp/mcu/s7g2/bsp_cache.o
LOAD ./synergy/ssp/src/bsp/mcu/s7g2/bsp_clocks.o
LOAD ./synergy/ssp/src/bsp/mcu/s7g2/bsp_feature.o
LOAD ./synergy/ssp/src/bsp/mcu/s7g2/bsp_fmi_R7FS7G27H3A01CFC.o
LOAD ./synergy/ssp/src/bsp/mcu/s7g2/bsp_group_irq.o
LOAD ./synergy/ssp/src/bsp/mcu/s7g2/bsp_hw_locks.o
LOAD ./synergy/ssp/src/bsp/mcu/s7g2/bsp_module_stop.o
LOAD ./synergy/ssp/src/bsp/mcu/s7g2/bsp_rom_registers.o
LOAD ./synergy/ssp/src/bsp/mcu/all/bsp_common.o
LOAD ./synergy/ssp/src/bsp/mcu/all/bsp_common_leds.o
LOAD ./synergy/ssp/src/bsp/mcu/all/bsp_delay.o
LOAD ./synergy/ssp/src/bsp/mcu/all/bsp_irq.o
LOAD ./synergy/ssp/src/bsp/mcu/all/bsp_locking.o
LOAD ./synergy/ssp/src/bsp/mcu/all/bsp_register_protection.o
LOAD ./synergy/ssp/src/bsp/mcu/all/bsp_sbrk.o
LOAD ./synergy/ssp/src/bsp/cmsis/Device/RENESAS/S7G2/Source/startup_S7G2.o
LOAD ./synergy/ssp/src/bsp/cmsis/Device/RENESAS/S7G2/Source/system_S7G2.o
LOAD ./synergy/board/s7g2_sk/bsp_init.o
LOAD ./synergy/board/s7g2_sk/bsp_leds.o
LOAD ./synergy/board/s7g2_sk/bsp_qspi.o
LOAD ./src/synergy_gen/common_data.o
LOAD ./src/synergy_gen/hal_data.o
LOAD ./src/synergy_gen/lcd_thread.o
LOAD ./src/synergy_gen/main.o
LOAD ./src/synergy_gen/pin_data.o
LOAD ./src/synergy_gen/system_thread.o
LOAD ./src/hal_entry.o
LOAD ./src/lcd_thread_entry.o
LOAD ./src/system_thread_entry.o
LOAD C:\REPOS\Proyecto_Integrador\synergy\ssp\src\bsp\cmsis\DSP_Lib\cm4_gcc\libDSP_Lib.a
LOAD C:\REPOS\Proyecto_Integrador\synergy\ssp\src\framework\el\tx\cm4_gcc\libtx.a
END GROUP
START GROUP
LOAD c:/program files (x86)/gnu tools arm embedded/7 2017-q4-major/bin/../lib/gcc/arm-none-eabi/7.2.1/thumb/v7e-m/fpv4-sp/hard\libgcc.a
LOAD c:/program files (x86)/gnu tools arm embedded/7 2017-q4-major/bin/../lib/gcc/arm-none-eabi/7.2.1/../../../../arm-none-eabi/lib/thumb/v7e-m/fpv4-sp/hard\libg_nano.a
LOAD c:/program files (x86)/gnu tools arm embedded/7 2017-q4-major/bin/../lib/gcc/arm-none-eabi/7.2.1/../../../../arm-none-eabi/lib/thumb/v7e-m/fpv4-sp/hard\libc_nano.a
END GROUP
START GROUP
LOAD c:/program files (x86)/gnu tools arm embedded/7 2017-q4-major/bin/../lib/gcc/arm-none-eabi/7.2.1/thumb/v7e-m/fpv4-sp/hard\libgcc.a
LOAD c:/program files (x86)/gnu tools arm embedded/7 2017-q4-major/bin/../lib/gcc/arm-none-eabi/7.2.1/../../../../arm-none-eabi/lib/thumb/v7e-m/fpv4-sp/hard\libc_nano.a
LOAD c:/program files (x86)/gnu tools arm embedded/7 2017-q4-major/bin/../lib/gcc/arm-none-eabi/7.2.1/../../../../arm-none-eabi/lib/thumb/v7e-m/fpv4-sp/hard\librdimon_nano.a
END GROUP
START GROUP
LOAD c:/program files (x86)/gnu tools arm embedded/7 2017-q4-major/bin/../lib/gcc/arm-none-eabi/7.2.1/thumb/v7e-m/fpv4-sp/hard\libgcc.a
LOAD c:/program files (x86)/gnu tools arm embedded/7 2017-q4-major/bin/../lib/gcc/arm-none-eabi/7.2.1/../../../../arm-none-eabi/lib/thumb/v7e-m/fpv4-sp/hard\libc_nano.a
LOAD c:/program files (x86)/gnu tools arm embedded/7 2017-q4-major/bin/../lib/gcc/arm-none-eabi/7.2.1/../../../../arm-none-eabi/lib/thumb/v7e-m/fpv4-sp/hard\librdimon_nano.a
END GROUP
LOAD c:/program files (x86)/gnu tools arm embedded/7 2017-q4-major/bin/../lib/gcc/arm-none-eabi/7.2.1/thumb/v7e-m/fpv4-sp/hard/crtend.o
LOAD c:/program files (x86)/gnu tools arm embedded/7 2017-q4-major/bin/../lib/gcc/arm-none-eabi/7.2.1/thumb/v7e-m/fpv4-sp/hard/crtn.o
START GROUP
LOAD c:/program files (x86)/gnu tools arm embedded/7 2017-q4-major/bin/../lib/gcc/arm-none-eabi/7.2.1/thumb/v7e-m/fpv4-sp/hard\libgcc.a
LOAD c:/program files (x86)/gnu tools arm embedded/7 2017-q4-major/bin/../lib/gcc/arm-none-eabi/7.2.1/../../../../arm-none-eabi/lib/thumb/v7e-m/fpv4-sp/hard\libc.a
LOAD c:/program files (x86)/gnu tools arm embedded/7 2017-q4-major/bin/../lib/gcc/arm-none-eabi/7.2.1/../../../../arm-none-eabi/lib/thumb/v7e-m/fpv4-sp/hard\libm.a
LOAD c:/program files (x86)/gnu tools arm embedded/7 2017-q4-major/bin/../lib/gcc/arm-none-eabi/7.2.1/../../../../arm-none-eabi/lib/thumb/v7e-m/fpv4-sp/hard\libnosys.a
END GROUP

.text           0x00000000     0x6efc
                0x00000000                __ROM_Start = .
 *(.vectors)
 .vectors       0x00000000       0x40 ./synergy/ssp/src/bsp/cmsis/Device/RENESAS/S7G2/Source/startup_S7G2.o
                0x00000000                __Vectors
 *(SORT_BY_NAME(.vector.*))
 .vector.SCI_0_ERI
                0x00000040        0x4 ./src/synergy_gen/lcd_thread.o
                0x00000040                g_vector_SCI_0_ERI
 .vector.SCI_0_RXI
                0x00000044        0x4 ./src/synergy_gen/lcd_thread.o
                0x00000044                g_vector_SCI_0_RXI
 .vector.SCI_0_TEI
                0x00000048        0x4 ./src/synergy_gen/lcd_thread.o
                0x00000048                g_vector_SCI_0_TEI
 .vector.SCI_0_TXI
                0x0000004c        0x4 ./src/synergy_gen/lcd_thread.o
                0x0000004c                g_vector_SCI_0_TXI
                0x00000050                __Vectors_End = .
                0x00000050                __end__ = .
                0x00000400                . = (__ROM_Start + 0x400)
 *fill*         0x00000050      0x3b0 ff
 *(.rom_registers*)
 .rom_registers
                0x00000400       0x3c ./synergy/ssp/src/bsp/mcu/s7g2/bsp_rom_registers.o
                0x00000500                . = (__ROM_Start + 0x500)
 *fill*         0x0000043c       0xc4 ff
                0x00000500                __Vector_Info_Start = .
 *(SORT_BY_NAME(.vector_info.*))
 .vector_info.SCI_0_ERI
                0x00000500        0x8 ./src/synergy_gen/lcd_thread.o
                0x00000500                g_vector_info_SCI_0_ERI
 .vector_info.SCI_0_RXI
                0x00000508        0x8 ./src/synergy_gen/lcd_thread.o
                0x00000508                g_vector_info_SCI_0_RXI
 .vector_info.SCI_0_TEI
                0x00000510        0x8 ./src/synergy_gen/lcd_thread.o
                0x00000510                g_vector_info_SCI_0_TEI
 .vector_info.SCI_0_TXI
                0x00000518        0x8 ./src/synergy_gen/lcd_thread.o
                0x00000518                g_vector_info_SCI_0_TXI
                0x00000520                __Vector_Info_End = .
                0x00000520                __Lock_Lookup_Start = .
 *(SORT_BY_NAME(.hw_lock_lookup.*))
 .hw_lock_lookup.ADC_0U_0U
                0x00000520        0x4 ./synergy/ssp/src/bsp/mcu/s7g2/bsp_hw_locks.o
                0x00000520                g_lock_lookup_ADC_0U_0U
 .hw_lock_lookup.ADC_0U_1U
                0x00000524        0x4 ./synergy/ssp/src/bsp/mcu/s7g2/bsp_hw_locks.o
                0x00000524                g_lock_lookup_ADC_0U_1U
 .hw_lock_lookup.AGT_0U_0U
                0x00000528        0x4 ./synergy/ssp/src/bsp/mcu/s7g2/bsp_hw_locks.o
                0x00000528                g_lock_lookup_AGT_0U_0U
 .hw_lock_lookup.AGT_0U_1U
                0x0000052c        0x4 ./synergy/ssp/src/bsp/mcu/s7g2/bsp_hw_locks.o
                0x0000052c                g_lock_lookup_AGT_0U_1U
 .hw_lock_lookup.BSC_0U_1U
                0x00000530        0x4 ./synergy/ssp/src/bsp/mcu/s7g2/bsp_hw_locks.o
                0x00000530                g_lock_lookup_BSC_0U_1U
 .hw_lock_lookup.CAC_0U_0U
                0x00000534        0x4 ./synergy/ssp/src/bsp/mcu/s7g2/bsp_hw_locks.o
                0x00000534                g_lock_lookup_CAC_0U_0U
 .hw_lock_lookup.CAN_0U_0U
                0x00000538        0x4 ./synergy/ssp/src/bsp/mcu/s7g2/bsp_hw_locks.o
                0x00000538                g_lock_lookup_CAN_0U_0U
 .hw_lock_lookup.CAN_0U_1U
                0x0000053c        0x4 ./synergy/ssp/src/bsp/mcu/s7g2/bsp_hw_locks.o
                0x0000053c                g_lock_lookup_CAN_0U_1U
 .hw_lock_lookup.COMP_HS_0U_0U
                0x00000540        0x4 ./synergy/ssp/src/bsp/mcu/s7g2/bsp_hw_locks.o
                0x00000540                g_lock_lookup_COMP_HS_0U_0U
 .hw_lock_lookup.COMP_HS_0U_1U
                0x00000544        0x4 ./synergy/ssp/src/bsp/mcu/s7g2/bsp_hw_locks.o
                0x00000544                g_lock_lookup_COMP_HS_0U_1U
 .hw_lock_lookup.COMP_HS_0U_2U
                0x00000548        0x4 ./synergy/ssp/src/bsp/mcu/s7g2/bsp_hw_locks.o
                0x00000548                g_lock_lookup_COMP_HS_0U_2U
 .hw_lock_lookup.COMP_HS_0U_3U
                0x0000054c        0x4 ./synergy/ssp/src/bsp/mcu/s7g2/bsp_hw_locks.o
                0x0000054c                g_lock_lookup_COMP_HS_0U_3U
 .hw_lock_lookup.COMP_HS_0U_4U
                0x00000550        0x4 ./synergy/ssp/src/bsp/mcu/s7g2/bsp_hw_locks.o
                0x00000550                g_lock_lookup_COMP_HS_0U_4U
 .hw_lock_lookup.COMP_HS_0U_5U
                0x00000554        0x4 ./synergy/ssp/src/bsp/mcu/s7g2/bsp_hw_locks.o
                0x00000554                g_lock_lookup_COMP_HS_0U_5U
 .hw_lock_lookup.CRC_0U_0U
                0x00000558        0x4 ./synergy/ssp/src/bsp/mcu/s7g2/bsp_hw_locks.o
                0x00000558                g_lock_lookup_CRC_0U_0U
 .hw_lock_lookup.CTSU_0U_0U
                0x0000055c        0x4 ./synergy/ssp/src/bsp/mcu/s7g2/bsp_hw_locks.o
                0x0000055c                g_lock_lookup_CTSU_0U_0U
 .hw_lock_lookup.DAAD_0U_0U
                0x00000560        0x4 ./synergy/ssp/src/bsp/mcu/s7g2/bsp_hw_locks.o
                0x00000560                g_lock_lookup_DAAD_0U_0U
 .hw_lock_lookup.DAC_0U_0U
                0x00000564        0x4 ./synergy/ssp/src/bsp/mcu/s7g2/bsp_hw_locks.o
                0x00000564                g_lock_lookup_DAC_0U_0U
 .hw_lock_lookup.DAC_0U_1U
                0x00000568        0x4 ./synergy/ssp/src/bsp/mcu/s7g2/bsp_hw_locks.o
                0x00000568                g_lock_lookup_DAC_0U_1U
 .hw_lock_lookup.DMAC_0U_0U
                0x0000056c        0x4 ./synergy/ssp/src/bsp/mcu/s7g2/bsp_hw_locks.o
                0x0000056c                g_lock_lookup_DMAC_0U_0U
 .hw_lock_lookup.DMAC_0U_1U
                0x00000570        0x4 ./synergy/ssp/src/bsp/mcu/s7g2/bsp_hw_locks.o
                0x00000570                g_lock_lookup_DMAC_0U_1U
 .hw_lock_lookup.DMAC_0U_2U
                0x00000574        0x4 ./synergy/ssp/src/bsp/mcu/s7g2/bsp_hw_locks.o
                0x00000574                g_lock_lookup_DMAC_0U_2U
 .hw_lock_lookup.DMAC_0U_3U
                0x00000578        0x4 ./synergy/ssp/src/bsp/mcu/s7g2/bsp_hw_locks.o
                0x00000578                g_lock_lookup_DMAC_0U_3U
 .hw_lock_lookup.DMAC_0U_4U
                0x0000057c        0x4 ./synergy/ssp/src/bsp/mcu/s7g2/bsp_hw_locks.o
                0x0000057c                g_lock_lookup_DMAC_0U_4U
 .hw_lock_lookup.DMAC_0U_5U
                0x00000580        0x4 ./synergy/ssp/src/bsp/mcu/s7g2/bsp_hw_locks.o
                0x00000580                g_lock_lookup_DMAC_0U_5U
 .hw_lock_lookup.DMAC_0U_6U
                0x00000584        0x4 ./synergy/ssp/src/bsp/mcu/s7g2/bsp_hw_locks.o
                0x00000584                g_lock_lookup_DMAC_0U_6U
 .hw_lock_lookup.DMAC_0U_7U
                0x00000588        0x4 ./synergy/ssp/src/bsp/mcu/s7g2/bsp_hw_locks.o
                0x00000588                g_lock_lookup_DMAC_0U_7U
 .hw_lock_lookup.DOC_0U_0U
                0x0000058c        0x4 ./synergy/ssp/src/bsp/mcu/s7g2/bsp_hw_locks.o
                0x0000058c                g_lock_lookup_DOC_0U_0U
 .hw_lock_lookup.DRW_0U_0U
                0x00000590        0x4 ./synergy/ssp/src/bsp/mcu/s7g2/bsp_hw_locks.o
                0x00000590                g_lock_lookup_DRW_0U_0U
 .hw_lock_lookup.DTC_0U_0U
                0x00000594        0x4 ./synergy/ssp/src/bsp/mcu/s7g2/bsp_hw_locks.o
                0x00000594                g_lock_lookup_DTC_0U_0U
 .hw_lock_lookup.ELC_0U_0U
                0x00000598        0x4 ./synergy/ssp/src/bsp/mcu/s7g2/bsp_hw_locks.o
                0x00000598                g_lock_lookup_ELC_0U_0U
 .hw_lock_lookup.EPTPC_0U_0U
                0x0000059c        0x4 ./synergy/ssp/src/bsp/mcu/s7g2/bsp_hw_locks.o
                0x0000059c                g_lock_lookup_EPTPC_0U_0U
 .hw_lock_lookup.ETHER_0U_0U
                0x000005a0        0x4 ./synergy/ssp/src/bsp/mcu/s7g2/bsp_hw_locks.o
                0x000005a0                g_lock_lookup_ETHER_0U_0U
 .hw_lock_lookup.ETHER_0U_1U
                0x000005a4        0x4 ./synergy/ssp/src/bsp/mcu/s7g2/bsp_hw_locks.o
                0x000005a4                g_lock_lookup_ETHER_0U_1U
 .hw_lock_lookup.FCU_0U_0U
                0x000005a8        0x4 ./synergy/ssp/src/bsp/mcu/s7g2/bsp_hw_locks.o
                0x000005a8                g_lock_lookup_FCU_0U_0U
 .hw_lock_lookup.GLCDC_0U_0U
                0x000005ac        0x4 ./synergy/ssp/src/bsp/mcu/s7g2/bsp_hw_locks.o
                0x000005ac                g_lock_lookup_GLCDC_0U_0U
 .hw_lock_lookup.GPT_0U_0U
                0x000005b0        0x4 ./synergy/ssp/src/bsp/mcu/s7g2/bsp_hw_locks.o
                0x000005b0                g_lock_lookup_GPT_0U_0U
 .hw_lock_lookup.GPT_0U_10U
                0x000005b4        0x4 ./synergy/ssp/src/bsp/mcu/s7g2/bsp_hw_locks.o
                0x000005b4                g_lock_lookup_GPT_0U_10U
 .hw_lock_lookup.GPT_0U_11U
                0x000005b8        0x4 ./synergy/ssp/src/bsp/mcu/s7g2/bsp_hw_locks.o
                0x000005b8                g_lock_lookup_GPT_0U_11U
 .hw_lock_lookup.GPT_0U_12U
                0x000005bc        0x4 ./synergy/ssp/src/bsp/mcu/s7g2/bsp_hw_locks.o
                0x000005bc                g_lock_lookup_GPT_0U_12U
 .hw_lock_lookup.GPT_0U_13U
                0x000005c0        0x4 ./synergy/ssp/src/bsp/mcu/s7g2/bsp_hw_locks.o
                0x000005c0                g_lock_lookup_GPT_0U_13U
 .hw_lock_lookup.GPT_0U_1U
                0x000005c4        0x4 ./synergy/ssp/src/bsp/mcu/s7g2/bsp_hw_locks.o
                0x000005c4                g_lock_lookup_GPT_0U_1U
 .hw_lock_lookup.GPT_0U_2U
                0x000005c8        0x4 ./synergy/ssp/src/bsp/mcu/s7g2/bsp_hw_locks.o
                0x000005c8                g_lock_lookup_GPT_0U_2U
 .hw_lock_lookup.GPT_0U_3U
                0x000005cc        0x4 ./synergy/ssp/src/bsp/mcu/s7g2/bsp_hw_locks.o
                0x000005cc                g_lock_lookup_GPT_0U_3U
 .hw_lock_lookup.GPT_0U_4U
                0x000005d0        0x4 ./synergy/ssp/src/bsp/mcu/s7g2/bsp_hw_locks.o
                0x000005d0                g_lock_lookup_GPT_0U_4U
 .hw_lock_lookup.GPT_0U_5U
                0x000005d4        0x4 ./synergy/ssp/src/bsp/mcu/s7g2/bsp_hw_locks.o
                0x000005d4                g_lock_lookup_GPT_0U_5U
 .hw_lock_lookup.GPT_0U_6U
                0x000005d8        0x4 ./synergy/ssp/src/bsp/mcu/s7g2/bsp_hw_locks.o
                0x000005d8                g_lock_lookup_GPT_0U_6U
 .hw_lock_lookup.GPT_0U_7U
                0x000005dc        0x4 ./synergy/ssp/src/bsp/mcu/s7g2/bsp_hw_locks.o
                0x000005dc                g_lock_lookup_GPT_0U_7U
 .hw_lock_lookup.GPT_0U_8U
                0x000005e0        0x4 ./synergy/ssp/src/bsp/mcu/s7g2/bsp_hw_locks.o
                0x000005e0                g_lock_lookup_GPT_0U_8U
 .hw_lock_lookup.GPT_0U_9U
                0x000005e4        0x4 ./synergy/ssp/src/bsp/mcu/s7g2/bsp_hw_locks.o
                0x000005e4                g_lock_lookup_GPT_0U_9U
 .hw_lock_lookup.ICU_0U_0U
                0x000005e8        0x4 ./synergy/ssp/src/bsp/mcu/s7g2/bsp_hw_locks.o
                0x000005e8                g_lock_lookup_ICU_0U_0U
 .hw_lock_lookup.ICU_0U_10U
                0x000005ec        0x4 ./synergy/ssp/src/bsp/mcu/s7g2/bsp_hw_locks.o
                0x000005ec                g_lock_lookup_ICU_0U_10U
 .hw_lock_lookup.ICU_0U_11U
                0x000005f0        0x4 ./synergy/ssp/src/bsp/mcu/s7g2/bsp_hw_locks.o
                0x000005f0                g_lock_lookup_ICU_0U_11U
 .hw_lock_lookup.ICU_0U_12U
                0x000005f4        0x4 ./synergy/ssp/src/bsp/mcu/s7g2/bsp_hw_locks.o
                0x000005f4                g_lock_lookup_ICU_0U_12U
 .hw_lock_lookup.ICU_0U_13U
                0x000005f8        0x4 ./synergy/ssp/src/bsp/mcu/s7g2/bsp_hw_locks.o
                0x000005f8                g_lock_lookup_ICU_0U_13U
 .hw_lock_lookup.ICU_0U_14U
                0x000005fc        0x4 ./synergy/ssp/src/bsp/mcu/s7g2/bsp_hw_locks.o
                0x000005fc                g_lock_lookup_ICU_0U_14U
 .hw_lock_lookup.ICU_0U_15U
                0x00000600        0x4 ./synergy/ssp/src/bsp/mcu/s7g2/bsp_hw_locks.o
                0x00000600                g_lock_lookup_ICU_0U_15U
 .hw_lock_lookup.ICU_0U_1U
                0x00000604        0x4 ./synergy/ssp/src/bsp/mcu/s7g2/bsp_hw_locks.o
                0x00000604                g_lock_lookup_ICU_0U_1U
 .hw_lock_lookup.ICU_0U_2U
                0x00000608        0x4 ./synergy/ssp/src/bsp/mcu/s7g2/bsp_hw_locks.o
                0x00000608                g_lock_lookup_ICU_0U_2U
 .hw_lock_lookup.ICU_0U_3U
                0x0000060c        0x4 ./synergy/ssp/src/bsp/mcu/s7g2/bsp_hw_locks.o
                0x0000060c                g_lock_lookup_ICU_0U_3U
 .hw_lock_lookup.ICU_0U_4U
                0x00000610        0x4 ./synergy/ssp/src/bsp/mcu/s7g2/bsp_hw_locks.o
                0x00000610                g_lock_lookup_ICU_0U_4U
 .hw_lock_lookup.ICU_0U_5U
                0x00000614        0x4 ./synergy/ssp/src/bsp/mcu/s7g2/bsp_hw_locks.o
                0x00000614                g_lock_lookup_ICU_0U_5U
 .hw_lock_lookup.ICU_0U_6U
                0x00000618        0x4 ./synergy/ssp/src/bsp/mcu/s7g2/bsp_hw_locks.o
                0x00000618                g_lock_lookup_ICU_0U_6U
 .hw_lock_lookup.ICU_0U_7U
                0x0000061c        0x4 ./synergy/ssp/src/bsp/mcu/s7g2/bsp_hw_locks.o
                0x0000061c                g_lock_lookup_ICU_0U_7U
 .hw_lock_lookup.ICU_0U_8U
                0x00000620        0x4 ./synergy/ssp/src/bsp/mcu/s7g2/bsp_hw_locks.o
                0x00000620                g_lock_lookup_ICU_0U_8U
 .hw_lock_lookup.ICU_0U_9U
                0x00000624        0x4 ./synergy/ssp/src/bsp/mcu/s7g2/bsp_hw_locks.o
                0x00000624                g_lock_lookup_ICU_0U_9U
 .hw_lock_lookup.IIC_0U_0U
                0x00000628        0x4 ./synergy/ssp/src/bsp/mcu/s7g2/bsp_hw_locks.o
                0x00000628                g_lock_lookup_IIC_0U_0U
 .hw_lock_lookup.IIC_0U_1U
                0x0000062c        0x4 ./synergy/ssp/src/bsp/mcu/s7g2/bsp_hw_locks.o
                0x0000062c                g_lock_lookup_IIC_0U_1U
 .hw_lock_lookup.IIC_0U_2U
                0x00000630        0x4 ./synergy/ssp/src/bsp/mcu/s7g2/bsp_hw_locks.o
                0x00000630                g_lock_lookup_IIC_0U_2U
 .hw_lock_lookup.IRDA_0U_0U
                0x00000634        0x4 ./synergy/ssp/src/bsp/mcu/s7g2/bsp_hw_locks.o
                0x00000634                g_lock_lookup_IRDA_0U_0U
 .hw_lock_lookup.IWDT_0U_0U
                0x00000638        0x4 ./synergy/ssp/src/bsp/mcu/s7g2/bsp_hw_locks.o
                0x00000638                g_lock_lookup_IWDT_0U_0U
 .hw_lock_lookup.JPEG_0U_0U
                0x0000063c        0x4 ./synergy/ssp/src/bsp/mcu/s7g2/bsp_hw_locks.o
                0x0000063c                g_lock_lookup_JPEG_0U_0U
 .hw_lock_lookup.KEY_0U_0U
                0x00000640        0x4 ./synergy/ssp/src/bsp/mcu/s7g2/bsp_hw_locks.o
                0x00000640                g_lock_lookup_KEY_0U_0U
 .hw_lock_lookup.LPM_1U_0U
                0x00000644        0x4 ./synergy/ssp/src/bsp/mcu/s7g2/bsp_hw_locks.o
                0x00000644                g_lock_lookup_LPM_1U_0U
 .hw_lock_lookup.LVD_0U_0U
                0x00000648        0x4 ./synergy/ssp/src/bsp/mcu/s7g2/bsp_hw_locks.o
                0x00000648                g_lock_lookup_LVD_0U_0U
 .hw_lock_lookup.LVD_0U_1U
                0x0000064c        0x4 ./synergy/ssp/src/bsp/mcu/s7g2/bsp_hw_locks.o
                0x0000064c                g_lock_lookup_LVD_0U_1U
 .hw_lock_lookup.MMF_0U_0U
                0x00000650        0x4 ./synergy/ssp/src/bsp/mcu/s7g2/bsp_hw_locks.o
                0x00000650                g_lock_lookup_MMF_0U_0U
 .hw_lock_lookup.MPU_0U_0U
                0x00000654        0x4 ./synergy/ssp/src/bsp/mcu/s7g2/bsp_hw_locks.o
                0x00000654                g_lock_lookup_MPU_0U_0U
 .hw_lock_lookup.OPS_0U_0U
                0x00000658        0x4 ./synergy/ssp/src/bsp/mcu/s7g2/bsp_hw_locks.o
                0x00000658                g_lock_lookup_OPS_0U_0U
 .hw_lock_lookup.PDC_0U_0U
                0x0000065c        0x4 ./synergy/ssp/src/bsp/mcu/s7g2/bsp_hw_locks.o
                0x0000065c                g_lock_lookup_PDC_0U_0U
 .hw_lock_lookup.POEG_0U_0U
                0x00000660        0x4 ./synergy/ssp/src/bsp/mcu/s7g2/bsp_hw_locks.o
                0x00000660                g_lock_lookup_POEG_0U_0U
 .hw_lock_lookup.POEG_0U_1U
                0x00000664        0x4 ./synergy/ssp/src/bsp/mcu/s7g2/bsp_hw_locks.o
                0x00000664                g_lock_lookup_POEG_0U_1U
 .hw_lock_lookup.POEG_0U_2U
                0x00000668        0x4 ./synergy/ssp/src/bsp/mcu/s7g2/bsp_hw_locks.o
                0x00000668                g_lock_lookup_POEG_0U_2U
 .hw_lock_lookup.POEG_0U_3U
                0x0000066c        0x4 ./synergy/ssp/src/bsp/mcu/s7g2/bsp_hw_locks.o
                0x0000066c                g_lock_lookup_POEG_0U_3U
 .hw_lock_lookup.QSPI_0U_0U
                0x00000670        0x4 ./synergy/ssp/src/bsp/mcu/s7g2/bsp_hw_locks.o
                0x00000670                g_lock_lookup_QSPI_0U_0U
 .hw_lock_lookup.RTC_0U_0U
                0x00000674        0x4 ./synergy/ssp/src/bsp/mcu/s7g2/bsp_hw_locks.o
                0x00000674                g_lock_lookup_RTC_0U_0U
 .hw_lock_lookup.SCE_0U_0U
                0x00000678        0x4 ./synergy/ssp/src/bsp/mcu/s7g2/bsp_hw_locks.o
                0x00000678                g_lock_lookup_SCE_0U_0U
 .hw_lock_lookup.SCI_0U_0U
                0x0000067c        0x4 ./synergy/ssp/src/bsp/mcu/s7g2/bsp_hw_locks.o
                0x0000067c                g_lock_lookup_SCI_0U_0U
 .hw_lock_lookup.SCI_0U_1U
                0x00000680        0x4 ./synergy/ssp/src/bsp/mcu/s7g2/bsp_hw_locks.o
                0x00000680                g_lock_lookup_SCI_0U_1U
 .hw_lock_lookup.SCI_0U_2U
                0x00000684        0x4 ./synergy/ssp/src/bsp/mcu/s7g2/bsp_hw_locks.o
                0x00000684                g_lock_lookup_SCI_0U_2U
 .hw_lock_lookup.SCI_0U_3U
                0x00000688        0x4 ./synergy/ssp/src/bsp/mcu/s7g2/bsp_hw_locks.o
                0x00000688                g_lock_lookup_SCI_0U_3U
 .hw_lock_lookup.SCI_0U_4U
                0x0000068c        0x4 ./synergy/ssp/src/bsp/mcu/s7g2/bsp_hw_locks.o
                0x0000068c                g_lock_lookup_SCI_0U_4U
 .hw_lock_lookup.SCI_0U_5U
                0x00000690        0x4 ./synergy/ssp/src/bsp/mcu/s7g2/bsp_hw_locks.o
                0x00000690                g_lock_lookup_SCI_0U_5U
 .hw_lock_lookup.SCI_0U_6U
                0x00000694        0x4 ./synergy/ssp/src/bsp/mcu/s7g2/bsp_hw_locks.o
                0x00000694                g_lock_lookup_SCI_0U_6U
 .hw_lock_lookup.SCI_0U_7U
                0x00000698        0x4 ./synergy/ssp/src/bsp/mcu/s7g2/bsp_hw_locks.o
                0x00000698                g_lock_lookup_SCI_0U_7U
 .hw_lock_lookup.SCI_0U_8U
                0x0000069c        0x4 ./synergy/ssp/src/bsp/mcu/s7g2/bsp_hw_locks.o
                0x0000069c                g_lock_lookup_SCI_0U_8U
 .hw_lock_lookup.SCI_0U_9U
                0x000006a0        0x4 ./synergy/ssp/src/bsp/mcu/s7g2/bsp_hw_locks.o
                0x000006a0                g_lock_lookup_SCI_0U_9U
 .hw_lock_lookup.SDHIMMC_0U_0U
                0x000006a4        0x4 ./synergy/ssp/src/bsp/mcu/s7g2/bsp_hw_locks.o
                0x000006a4                g_lock_lookup_SDHIMMC_0U_0U
 .hw_lock_lookup.SDHIMMC_0U_1U
                0x000006a8        0x4 ./synergy/ssp/src/bsp/mcu/s7g2/bsp_hw_locks.o
                0x000006a8                g_lock_lookup_SDHIMMC_0U_1U
 .hw_lock_lookup.SPI_0U_0U
                0x000006ac        0x4 ./synergy/ssp/src/bsp/mcu/s7g2/bsp_hw_locks.o
                0x000006ac                g_lock_lookup_SPI_0U_0U
 .hw_lock_lookup.SPI_0U_1U
                0x000006b0        0x4 ./synergy/ssp/src/bsp/mcu/s7g2/bsp_hw_locks.o
                0x000006b0                g_lock_lookup_SPI_0U_1U
 .hw_lock_lookup.SRC_0U_0U
                0x000006b4        0x4 ./synergy/ssp/src/bsp/mcu/s7g2/bsp_hw_locks.o
                0x000006b4                g_lock_lookup_SRC_0U_0U
 .hw_lock_lookup.SSI_0U_0U
                0x000006b8        0x4 ./synergy/ssp/src/bsp/mcu/s7g2/bsp_hw_locks.o
                0x000006b8                g_lock_lookup_SSI_0U_0U
 .hw_lock_lookup.SSI_0U_1U
                0x000006bc        0x4 ./synergy/ssp/src/bsp/mcu/s7g2/bsp_hw_locks.o
                0x000006bc                g_lock_lookup_SSI_0U_1U
 .hw_lock_lookup.TSN_0U_0U
                0x000006c0        0x4 ./synergy/ssp/src/bsp/mcu/s7g2/bsp_hw_locks.o
                0x000006c0                g_lock_lookup_TSN_0U_0U
 .hw_lock_lookup.USB_0U_0U
                0x000006c4        0x4 ./synergy/ssp/src/bsp/mcu/s7g2/bsp_hw_locks.o
                0x000006c4                g_lock_lookup_USB_0U_0U
 .hw_lock_lookup.USB_1U_0U
                0x000006c8        0x4 ./synergy/ssp/src/bsp/mcu/s7g2/bsp_hw_locks.o
                0x000006c8                g_lock_lookup_USB_1U_0U
 .hw_lock_lookup.WDT_0U_0U
                0x000006cc        0x4 ./synergy/ssp/src/bsp/mcu/s7g2/bsp_hw_locks.o
                0x000006cc                g_lock_lookup_WDT_0U_0U
                0x000006d0                __Lock_Lookup_End = .
 *(.text*)
 .text          0x000006d0       0x40 c:/program files (x86)/gnu tools arm embedded/7 2017-q4-major/bin/../lib/gcc/arm-none-eabi/7.2.1/thumb/v7e-m/fpv4-sp/hard/crtbegin.o
 .text.R_SCI_SPI_VersionGet
                0x00000710       0x14 ./synergy/ssp/src/driver/r_sci_spi/r_sci_spi.o
                0x00000710                R_SCI_SPI_VersionGet
 .text.r_sci_spi_write_read_common.part.10.constprop.15
                0x00000724      0x19c ./synergy/ssp/src/driver/r_sci_spi/r_sci_spi.o
 .text.R_SCI_SPI_WriteRead
                0x000008c0       0x38 ./synergy/ssp/src/driver/r_sci_spi/r_sci_spi.o
                0x000008c0                R_SCI_SPI_WriteRead
 .text.R_SCI_SPI_Write
                0x000008f8       0x38 ./synergy/ssp/src/driver/r_sci_spi/r_sci_spi.o
                0x000008f8                R_SCI_SPI_Write
 .text.R_SCI_SPI_Read
                0x00000930       0x38 ./synergy/ssp/src/driver/r_sci_spi/r_sci_spi.o
                0x00000930                R_SCI_SPI_Read
 .text.R_SCI_SPI_Close
                0x00000968      0x118 ./synergy/ssp/src/driver/r_sci_spi/r_sci_spi.o
                0x00000968                R_SCI_SPI_Close
 .text.R_SCI_SPI_Open
                0x00000a80      0x694 ./synergy/ssp/src/driver/r_sci_spi/r_sci_spi.o
                0x00000a80                R_SCI_SPI_Open
 .text.sci_spi_txi_isr
                0x00001114       0xbc ./synergy/ssp/src/driver/r_sci_spi/r_sci_spi.o
                0x00001114                sci_spi_txi_isr
 .text.sci_spi_rxi_isr
                0x000011d0       0xc0 ./synergy/ssp/src/driver/r_sci_spi/r_sci_spi.o
                0x000011d0                sci_spi_rxi_isr
 .text.sci_spi_tei_isr
                0x00001290       0x74 ./synergy/ssp/src/driver/r_sci_spi/r_sci_spi.o
                0x00001290                sci_spi_tei_isr
 .text.sci_spi_eri_isr
                0x00001304       0x88 ./synergy/ssp/src/driver/r_sci_spi/r_sci_spi.o
                0x00001304                sci_spi_eri_isr
 .text.R_IOPORT_PinRead
                0x0000138c       0x4c ./synergy/ssp/src/driver/r_ioport/r_ioport.o
                0x0000138c                R_IOPORT_PinRead
 .text.R_IOPORT_PortRead
                0x000013d8       0x28 ./synergy/ssp/src/driver/r_ioport/r_ioport.o
                0x000013d8                R_IOPORT_PortRead
 .text.R_IOPORT_PortEventInputRead
                0x00001400       0x28 ./synergy/ssp/src/driver/r_ioport/r_ioport.o
                0x00001400                R_IOPORT_PortEventInputRead
 .text.R_IOPORT_PinEventInputRead
                0x00001428       0x54 ./synergy/ssp/src/driver/r_ioport/r_ioport.o
                0x00001428                R_IOPORT_PinEventInputRead
 .text.R_IOPORT_PortEventOutputWrite
                0x0000147c       0x38 ./synergy/ssp/src/driver/r_ioport/r_ioport.o
                0x0000147c                R_IOPORT_PortEventOutputWrite
 .text.R_IOPORT_PinEventOutputWrite
                0x000014b4       0x54 ./synergy/ssp/src/driver/r_ioport/r_ioport.o
                0x000014b4                R_IOPORT_PinEventOutputWrite
 .text.R_IOPORT_VersionGet
                0x00001508       0x14 ./synergy/ssp/src/driver/r_ioport/r_ioport.o
                0x00001508                R_IOPORT_VersionGet
 .text.R_IOPORT_PinWrite
                0x0000151c       0xcc ./synergy/ssp/src/driver/r_ioport/r_ioport.o
                0x0000151c                R_IOPORT_PinWrite
 .text.R_IOPORT_PortWrite
                0x000015e8       0x38 ./synergy/ssp/src/driver/r_ioport/r_ioport.o
                0x000015e8                R_IOPORT_PortWrite
 .text.R_IOPORT_PortDirectionSet
                0x00001620       0x40 ./synergy/ssp/src/driver/r_ioport/r_ioport.o
                0x00001620                R_IOPORT_PortDirectionSet
 .text.bsp_vbatt_init.isra.4
                0x00001660       0x8c ./synergy/ssp/src/driver/r_ioport/r_ioport.o
 .text.R_IOPORT_EthernetModeCfg
                0x000016ec       0x54 ./synergy/ssp/src/driver/r_ioport/r_ioport.o
                0x000016ec                R_IOPORT_EthernetModeCfg
 .text.R_IOPORT_PinsCfg.part.5
                0x00001740       0xc0 ./synergy/ssp/src/driver/r_ioport/r_ioport.o
 .text.R_IOPORT_PinsCfg
                0x00001800       0x10 ./synergy/ssp/src/driver/r_ioport/r_ioport.o
                0x00001800                R_IOPORT_PinsCfg
 .text.R_IOPORT_Init
                0x00001810       0x88 ./synergy/ssp/src/driver/r_ioport/r_ioport.o
                0x00001810                R_IOPORT_Init
 .text.R_IOPORT_PinCfg
                0x00001898       0xcc ./synergy/ssp/src/driver/r_ioport/r_ioport.o
                0x00001898                R_IOPORT_PinCfg
 .text.R_IOPORT_PinDirectionSet
                0x00001964       0xd0 ./synergy/ssp/src/driver/r_ioport/r_ioport.o
                0x00001964                R_IOPORT_PinDirectionSet
 .text.R_FMI_ProductInfoGet
                0x00001a34       0x28 ./synergy/ssp/src/driver/r_fmi/r_fmi.o
 .text.R_FMI_UniqueIdGet
                0x00001a5c       0x30 ./synergy/ssp/src/driver/r_fmi/r_fmi.o
 .text.R_FMI_VersionGet
                0x00001a8c       0x14 ./synergy/ssp/src/driver/r_fmi/r_fmi.o
 .text.R_FMI_EventInfoGet
                0x00001aa0       0x6c ./synergy/ssp/src/driver/r_fmi/r_fmi.o
 .text.R_FMI_Init
                0x00001b0c       0xb4 ./synergy/ssp/src/driver/r_fmi/r_fmi.o
 .text.R_FMI_FeatureGet
                0x00001bc0      0x234 ./synergy/ssp/src/driver/r_fmi/r_fmi.o
 .text.R_ELC_LinkSet
                0x00001df4       0x14 ./synergy/ssp/src/driver/r_elc/r_elc.o
                0x00001df4                R_ELC_LinkSet
 .text.R_ELC_LinkBreak
                0x00001e08       0x14 ./synergy/ssp/src/driver/r_elc/r_elc.o
                0x00001e08                R_ELC_LinkBreak
 .text.R_ELC_Enable
                0x00001e1c       0x14 ./synergy/ssp/src/driver/r_elc/r_elc.o
                0x00001e1c                R_ELC_Enable
 .text.R_ELC_Disable
                0x00001e30       0x14 ./synergy/ssp/src/driver/r_elc/r_elc.o
                0x00001e30                R_ELC_Disable
 .text.R_ELC_VersionGet
                0x00001e44       0x14 ./synergy/ssp/src/driver/r_elc/r_elc.o
                0x00001e44                R_ELC_VersionGet
 .text.R_ELC_SoftwareEventGenerate
                0x00001e58       0x30 ./synergy/ssp/src/driver/r_elc/r_elc.o
                0x00001e58                R_ELC_SoftwareEventGenerate
 .text.R_ELC_Init
                0x00001e88       0x7c ./synergy/ssp/src/driver/r_elc/r_elc.o
                0x00001e88                R_ELC_Init
 .text.R_DTC_Start
                0x00001f04        0x4 ./synergy/ssp/src/driver/r_dtc/r_dtc.o
                0x00001f04                R_DTC_Start
 .text.R_DTC_Stop
                0x00001f08        0x4 ./synergy/ssp/src/driver/r_dtc/r_dtc.o
                0x00001f08                R_DTC_Stop
 .text.R_DTC_Disable
                0x00001f0c       0x34 ./synergy/ssp/src/driver/r_dtc/r_dtc.o
                0x00001f0c                R_DTC_Disable
 .text.R_DTC_VersionGet
                0x00001f40       0x14 ./synergy/ssp/src/driver/r_dtc/r_dtc.o
                0x00001f40                R_DTC_VersionGet
 .text.R_DTC_InfoGet
                0x00001f54       0x78 ./synergy/ssp/src/driver/r_dtc/r_dtc.o
                0x00001f54                R_DTC_InfoGet
 .text.R_DTC_Close
                0x00001fcc       0x54 ./synergy/ssp/src/driver/r_dtc/r_dtc.o
                0x00001fcc                R_DTC_Close
 .text.R_DTC_Enable
                0x00002020       0x84 ./synergy/ssp/src/driver/r_dtc/r_dtc.o
                0x00002020                R_DTC_Enable
 .text.R_DTC_Reset
                0x000020a4       0xa4 ./synergy/ssp/src/driver/r_dtc/r_dtc.o
                0x000020a4                R_DTC_Reset
 .text.R_DTC_BlockReset
                0x00002148       0xac ./synergy/ssp/src/driver/r_dtc/r_dtc.o
                0x00002148                R_DTC_BlockReset
 .text.R_DTC_Open
                0x000021f4      0x178 ./synergy/ssp/src/driver/r_dtc/r_dtc.o
                0x000021f4                R_DTC_Open
 .text.HW_CGC_Init
                0x0000236c       0x34 ./synergy/ssp/src/driver/r_cgc/hw/hw_cgc.o
                0x0000236c                HW_CGC_Init
 .text.HW_CGC_InitPLLFreq
                0x000023a0       0xdc ./synergy/ssp/src/driver/r_cgc/hw/hw_cgc.o
                0x000023a0                HW_CGC_InitPLLFreq
 .text.HW_CGC_MainClockDriveSet
                0x0000247c       0x3c ./synergy/ssp/src/driver/r_cgc/hw/hw_cgc.o
                0x0000247c                HW_CGC_MainClockDriveSet
 .text.HW_CGC_SubClockDriveSet
                0x000024b8       0x3c ./synergy/ssp/src/driver/r_cgc/hw/hw_cgc.o
                0x000024b8                HW_CGC_SubClockDriveSet
 .text.HW_CGC_ClockStart
                0x000024f4       0xa0 ./synergy/ssp/src/driver/r_cgc/hw/hw_cgc.o
                0x000024f4                HW_CGC_ClockStart
 .text.HW_CGC_ClockStop
                0x00002594       0xa0 ./synergy/ssp/src/driver/r_cgc/hw/hw_cgc.o
                0x00002594                HW_CGC_ClockStop
 .text.HW_CGC_ClockCheck
                0x00002634       0x2c ./synergy/ssp/src/driver/r_cgc/hw/hw_cgc.o
                0x00002634                HW_CGC_ClockCheck
 .text.HW_CGC_ClockRunStateGet
                0x00002660       0x68 ./synergy/ssp/src/driver/r_cgc/hw/hw_cgc.o
                0x00002660                HW_CGC_ClockRunStateGet
 .text.HW_CGC_DelayCycles
                0x000026c8        0x8 ./synergy/ssp/src/driver/r_cgc/hw/hw_cgc.o
                0x000026c8                HW_CGC_DelayCycles
 .text.HW_CGC_MainOscSourceSet
                0x000026d0       0x24 ./synergy/ssp/src/driver/r_cgc/hw/hw_cgc.o
                0x000026d0                HW_CGC_MainOscSourceSet
 .text.HW_CGC_ClockWaitSet
                0x000026f4       0x24 ./synergy/ssp/src/driver/r_cgc/hw/hw_cgc.o
                0x000026f4                HW_CGC_ClockWaitSet
 .text.HW_CGC_ClockSourceValidCheck
                0x00002718       0x28 ./synergy/ssp/src/driver/r_cgc/hw/hw_cgc.o
                0x00002718                HW_CGC_ClockSourceValidCheck
 .text.HW_CGC_SystemClockValidCheck
                0x00002740        0xc ./synergy/ssp/src/driver/r_cgc/hw/hw_cgc.o
                0x00002740                HW_CGC_SystemClockValidCheck
 .text.HW_CGC_ClockSourceGet
                0x0000274c        0xc ./synergy/ssp/src/driver/r_cgc/hw/hw_cgc.o
                0x0000274c                HW_CGC_ClockSourceGet
 .text.HW_CGC_ClockSourceSet
                0x00002758       0x24 ./synergy/ssp/src/driver/r_cgc/hw/hw_cgc.o
                0x00002758                HW_CGC_ClockSourceSet
 .text.HW_CGC_PLLClockSourceGet
                0x0000277c       0x24 ./synergy/ssp/src/driver/r_cgc/hw/hw_cgc.o
                0x0000277c                HW_CGC_PLLClockSourceGet
 .text.HW_CGC_PLLClockSourceSet
                0x000027a0       0x28 ./synergy/ssp/src/driver/r_cgc/hw/hw_cgc.o
                0x000027a0                HW_CGC_PLLClockSourceSet
 .text.HW_CGC_PLLMultiplierSet
                0x000027c8       0x84 ./synergy/ssp/src/driver/r_cgc/hw/hw_cgc.o
                0x000027c8                HW_CGC_PLLMultiplierSet
 .text.HW_CGC_PLLDividerSet
                0x0000284c       0x70 ./synergy/ssp/src/driver/r_cgc/hw/hw_cgc.o
                0x0000284c                HW_CGC_PLLDividerSet
 .text.HW_CGC_SystemDividersSet
                0x000028bc       0x70 ./synergy/ssp/src/driver/r_cgc/hw/hw_cgc.o
                0x000028bc                HW_CGC_SystemDividersSet
 .text.HW_CGC_SystemDividersGet
                0x0000292c       0x3c ./synergy/ssp/src/driver/r_cgc/hw/hw_cgc.o
                0x0000292c                HW_CGC_SystemDividersGet
 .text.HW_CGC_ClockCfgValidCheck
                0x00002968       0x58 ./synergy/ssp/src/driver/r_cgc/hw/hw_cgc.o
                0x00002968                HW_CGC_ClockCfgValidCheck
 .text.HW_CGC_ClockDividerGet
                0x000029c0       0x4c ./synergy/ssp/src/driver/r_cgc/hw/hw_cgc.o
                0x000029c0                HW_CGC_ClockDividerGet
 .text.HW_CGC_ClockHzGet
                0x00002a0c       0x20 ./synergy/ssp/src/driver/r_cgc/hw/hw_cgc.o
                0x00002a0c                HW_CGC_ClockHzGet
 .text.HW_CGC_ClockHzCalculate
                0x00002a2c       0x10 ./synergy/ssp/src/driver/r_cgc/hw/hw_cgc.o
                0x00002a2c                HW_CGC_ClockHzCalculate
 .text.HW_CGC_OperatingModeSet
                0x00002a3c       0xb4 ./synergy/ssp/src/driver/r_cgc/hw/hw_cgc.o
                0x00002a3c                HW_CGC_OperatingModeSet
 .text.HW_CGC_OperatingModeGet
                0x00002af0       0x14 ./synergy/ssp/src/driver/r_cgc/hw/hw_cgc.o
                0x00002af0                HW_CGC_OperatingModeGet
 .text.HW_CGC_OscStopDetectEnable
                0x00002b04       0x2c ./synergy/ssp/src/driver/r_cgc/hw/hw_cgc.o
                0x00002b04                HW_CGC_OscStopDetectEnable
 .text.HW_CGC_OscStopDetectDisable
                0x00002b30       0x2c ./synergy/ssp/src/driver/r_cgc/hw/hw_cgc.o
                0x00002b30                HW_CGC_OscStopDetectDisable
 .text.HW_CGC_OscStopDetectEnabledGet
                0x00002b5c        0x8 ./synergy/ssp/src/driver/r_cgc/hw/hw_cgc.o
                0x00002b5c                HW_CGC_OscStopDetectEnabledGet
 .text.HW_CGC_OscStopDetectGet
                0x00002b64        0xc ./synergy/ssp/src/driver/r_cgc/hw/hw_cgc.o
                0x00002b64                HW_CGC_OscStopDetectGet
 .text.HW_CGC_OscStopStatusClear
                0x00002b70       0x30 ./synergy/ssp/src/driver/r_cgc/hw/hw_cgc.o
                0x00002b70                HW_CGC_OscStopStatusClear
 .text.HW_CGC_BusClockOutCfg
                0x00002ba0       0x24 ./synergy/ssp/src/driver/r_cgc/hw/hw_cgc.o
                0x00002ba0                HW_CGC_BusClockOutCfg
 .text.HW_CGC_BusClockOutEnable
                0x00002bc4       0x20 ./synergy/ssp/src/driver/r_cgc/hw/hw_cgc.o
                0x00002bc4                HW_CGC_BusClockOutEnable
 .text.HW_CGC_BusClockOutDisable
                0x00002be4       0x20 ./synergy/ssp/src/driver/r_cgc/hw/hw_cgc.o
                0x00002be4                HW_CGC_BusClockOutDisable
 .text.HW_CGC_ClockOutCfg
                0x00002c04       0x3c ./synergy/ssp/src/driver/r_cgc/hw/hw_cgc.o
                0x00002c04                HW_CGC_ClockOutCfg
 .text.HW_CGC_ClockOutEnable
                0x00002c40       0x20 ./synergy/ssp/src/driver/r_cgc/hw/hw_cgc.o
                0x00002c40                HW_CGC_ClockOutEnable
 .text.HW_CGC_ClockOutDisable
                0x00002c60       0x20 ./synergy/ssp/src/driver/r_cgc/hw/hw_cgc.o
                0x00002c60                HW_CGC_ClockOutDisable
 .text.HW_CGC_SDRAMClockOutEnable
                0x00002c80       0x20 ./synergy/ssp/src/driver/r_cgc/hw/hw_cgc.o
                0x00002c80                HW_CGC_SDRAMClockOutEnable
 .text.HW_CGC_SDRAMClockOutDisable
                0x00002ca0       0x20 ./synergy/ssp/src/driver/r_cgc/hw/hw_cgc.o
                0x00002ca0                HW_CGC_SDRAMClockOutDisable
 .text.HW_CGC_USBClockCfg
                0x00002cc0       0x24 ./synergy/ssp/src/driver/r_cgc/hw/hw_cgc.o
                0x00002cc0                HW_CGC_USBClockCfg
 .text.HW_CGC_SystickUpdate
                0x00002ce4       0x54 ./synergy/ssp/src/driver/r_cgc/hw/hw_cgc.o
                0x00002ce4                HW_CGC_SystickUpdate
 .text.HW_CGC_LCDClockCfg
                0x00002d38       0x10 ./synergy/ssp/src/driver/r_cgc/hw/hw_cgc.o
                0x00002d38                HW_CGC_LCDClockCfg
 .text.HW_CGC_LCDClockCfgGet
                0x00002d48        0xc ./synergy/ssp/src/driver/r_cgc/hw/hw_cgc.o
                0x00002d48                HW_CGC_LCDClockCfgGet
 .text.HW_CGC_LCDClockEnable
                0x00002d54       0x10 ./synergy/ssp/src/driver/r_cgc/hw/hw_cgc.o
                0x00002d54                HW_CGC_LCDClockEnable
 .text.HW_CGC_LCDClockDisable
                0x00002d64       0x10 ./synergy/ssp/src/driver/r_cgc/hw/hw_cgc.o
                0x00002d64                HW_CGC_LCDClockDisable
 .text.HW_CGC_LCDClockIsEnabled
                0x00002d74        0x8 ./synergy/ssp/src/driver/r_cgc/hw/hw_cgc.o
                0x00002d74                HW_CGC_LCDClockIsEnabled
 .text.HW_CGC_SDADCClockCfg
                0x00002d7c       0x1c ./synergy/ssp/src/driver/r_cgc/hw/hw_cgc.o
                0x00002d7c                HW_CGC_SDADCClockCfg
 .text.HW_CGC_SDADCClockEnable
                0x00002d98       0x10 ./synergy/ssp/src/driver/r_cgc/hw/hw_cgc.o
                0x00002d98                HW_CGC_SDADCClockEnable
 .text.HW_CGC_SDADCClockDisable
                0x00002da8       0x10 ./synergy/ssp/src/driver/r_cgc/hw/hw_cgc.o
                0x00002da8                HW_CGC_SDADCClockDisable
 .text.HW_CGC_SDADCClockIsEnabled
                0x00002db8        0x8 ./synergy/ssp/src/driver/r_cgc/hw/hw_cgc.o
                0x00002db8                HW_CGC_SDADCClockIsEnabled
 .text.HW_CGC_HocoWaitControlSet
                0x00002dc0       0x24 ./synergy/ssp/src/driver/r_cgc/hw/hw_cgc.o
                0x00002dc0                HW_CGC_HocoWaitControlSet
 .text.R_CGC_VersionGet
                0x00002de4       0x14 ./synergy/ssp/src/driver/r_cgc/r_cgc.o
                0x00002de4                R_CGC_VersionGet
 .text.R_CGC_Init
                0x00002df8       0xb4 ./synergy/ssp/src/driver/r_cgc/r_cgc.o
                0x00002df8                R_CGC_Init
 .text.R_CGC_OscStopStatusClear
                0x00002eac       0x50 ./synergy/ssp/src/driver/r_cgc/r_cgc.o
                0x00002eac                R_CGC_OscStopStatusClear
 .text.R_CGC_BusClockOutCfg
                0x00002efc       0x14 ./synergy/ssp/src/driver/r_cgc/r_cgc.o
                0x00002efc                R_CGC_BusClockOutCfg
 .text.R_CGC_BusClockOutEnable
                0x00002f10       0x14 ./synergy/ssp/src/driver/r_cgc/r_cgc.o
                0x00002f10                R_CGC_BusClockOutEnable
 .text.R_CGC_BusClockOutDisable
                0x00002f24       0x14 ./synergy/ssp/src/driver/r_cgc/r_cgc.o
                0x00002f24                R_CGC_BusClockOutDisable
 .text.R_CGC_ClockOutCfg
                0x00002f38       0x18 ./synergy/ssp/src/driver/r_cgc/r_cgc.o
                0x00002f38                R_CGC_ClockOutCfg
 .text.R_CGC_ClockOutEnable
                0x00002f50       0x14 ./synergy/ssp/src/driver/r_cgc/r_cgc.o
                0x00002f50                R_CGC_ClockOutEnable
 .text.R_CGC_ClockOutDisable
                0x00002f64       0x14 ./synergy/ssp/src/driver/r_cgc/r_cgc.o
                0x00002f64                R_CGC_ClockOutDisable
 .text.R_CGC_ClockCheck
                0x00002f78       0x68 ./synergy/ssp/src/driver/r_cgc/r_cgc.o
                0x00002f78                R_CGC_ClockCheck
 .text.r_cgc_stabilization_wait
                0x00002fe0       0x30 ./synergy/ssp/src/driver/r_cgc/r_cgc.o
 .text.R_CGC_ClockStart
                0x00003010      0x1b8 ./synergy/ssp/src/driver/r_cgc/r_cgc.o
                0x00003010                R_CGC_ClockStart
 .text.R_CGC_ClockStop
                0x000031c8       0xd0 ./synergy/ssp/src/driver/r_cgc/r_cgc.o
                0x000031c8                R_CGC_ClockStop
 .text.R_CGC_SystemClockGet
                0x00003298       0x28 ./synergy/ssp/src/driver/r_cgc/r_cgc.o
                0x00003298                R_CGC_SystemClockGet
 .text.R_CGC_SystemClockFreqGet
                0x000032c0       0x34 ./synergy/ssp/src/driver/r_cgc/r_cgc.o
                0x000032c0                R_CGC_SystemClockFreqGet
 .text.R_CGC_OscStopDetect
                0x000032f4       0xdc ./synergy/ssp/src/driver/r_cgc/r_cgc.o
                0x000032f4                R_CGC_OscStopDetect
 .text.R_CGC_LCDClockEnable.part.8
                0x000033d0       0x44 ./synergy/ssp/src/driver/r_cgc/r_cgc.o
 .text.R_CGC_LCDClockEnable
                0x00003414       0x18 ./synergy/ssp/src/driver/r_cgc/r_cgc.o
                0x00003414                R_CGC_LCDClockEnable
 .text.R_CGC_LCDClockDisable.part.9
                0x0000342c       0x44 ./synergy/ssp/src/driver/r_cgc/r_cgc.o
 .text.R_CGC_LCDClockDisable
                0x00003470       0x18 ./synergy/ssp/src/driver/r_cgc/r_cgc.o
                0x00003470                R_CGC_LCDClockDisable
 .text.R_CGC_LCDClockCfg
                0x00003488       0xa0 ./synergy/ssp/src/driver/r_cgc/r_cgc.o
                0x00003488                R_CGC_LCDClockCfg
 .text.R_CGC_SDADCClockEnable.part.11
                0x00003528       0x20 ./synergy/ssp/src/driver/r_cgc/r_cgc.o
 .text.R_CGC_SDADCClockEnable
                0x00003548       0x1c ./synergy/ssp/src/driver/r_cgc/r_cgc.o
                0x00003548                R_CGC_SDADCClockEnable
 .text.R_CGC_SDADCClockDisable.part.12
                0x00003564       0x20 ./synergy/ssp/src/driver/r_cgc/r_cgc.o
 .text.R_CGC_SDADCClockDisable
                0x00003584       0x1c ./synergy/ssp/src/driver/r_cgc/r_cgc.o
                0x00003584                R_CGC_SDADCClockDisable
 .text.R_CGC_SDADCClockCfg
                0x000035a0       0x64 ./synergy/ssp/src/driver/r_cgc/r_cgc.o
                0x000035a0                R_CGC_SDADCClockCfg
 .text.R_CGC_SDRAMClockOutEnable
                0x00003604       0x1c ./synergy/ssp/src/driver/r_cgc/r_cgc.o
                0x00003604                R_CGC_SDRAMClockOutEnable
 .text.R_CGC_SDRAMClockOutDisable
                0x00003620       0x1c ./synergy/ssp/src/driver/r_cgc/r_cgc.o
                0x00003620                R_CGC_SDRAMClockOutDisable
 .text.R_CGC_USBClockCfg
                0x0000363c       0x20 ./synergy/ssp/src/driver/r_cgc/r_cgc.o
                0x0000363c                R_CGC_USBClockCfg
 .text.R_CGC_SystickUpdate.part.17
                0x0000365c       0x44 ./synergy/ssp/src/driver/r_cgc/r_cgc.o
 .text.R_CGC_SystickUpdate
                0x000036a0        0xc ./synergy/ssp/src/driver/r_cgc/r_cgc.o
                0x000036a0                R_CGC_SystickUpdate
 .text.R_CGC_SystemClockSet
                0x000036ac      0x1cc ./synergy/ssp/src/driver/r_cgc/r_cgc.o
                0x000036ac                R_CGC_SystemClockSet
 .text.R_CGC_ClocksCfg
                0x00003878      0x198 ./synergy/ssp/src/driver/r_cgc/r_cgc.o
                0x00003878                R_CGC_ClocksCfg
 .text.R_ADC_VersionGet
                0x00003a10       0x14 ./synergy/ssp/src/driver/r_adc/r_adc.o
                0x00003a10                R_ADC_VersionGet
 .text.R_ADC_OffsetSet
                0x00003a24        0x4 ./synergy/ssp/src/driver/r_adc/r_adc.o
                0x00003a24                R_ADC_OffsetSet
 .text.R_ADC_ScanStart
                0x00003a28       0x44 ./synergy/ssp/src/driver/r_adc/r_adc.o
                0x00003a28                R_ADC_ScanStart
 .text.R_ADC_ScanStop
                0x00003a6c       0x34 ./synergy/ssp/src/driver/r_adc/r_adc.o
                0x00003a6c                R_ADC_ScanStop
 .text.R_ADC_CheckScanDone
                0x00003aa0       0x28 ./synergy/ssp/src/driver/r_adc/r_adc.o
                0x00003aa0                R_ADC_CheckScanDone
 .text.R_ADC_Read
                0x00003ac8       0x68 ./synergy/ssp/src/driver/r_adc/r_adc.o
                0x00003ac8                R_ADC_Read
 .text.R_ADC_Read32
                0x00003b30       0x2c ./synergy/ssp/src/driver/r_adc/r_adc.o
                0x00003b30                R_ADC_Read32
 .text.R_ADC_SetSampleStateCount
                0x00003b5c       0x78 ./synergy/ssp/src/driver/r_adc/r_adc.o
                0x00003b5c                R_ADC_SetSampleStateCount
 .text.R_ADC_InfoGet
                0x00003bd4       0xe8 ./synergy/ssp/src/driver/r_adc/r_adc.o
                0x00003bd4                R_ADC_InfoGet
 .text.R_ADC_Calibrate
                0x00003cbc       0x48 ./synergy/ssp/src/driver/r_adc/r_adc.o
                0x00003cbc                R_ADC_Calibrate
 .text.r_adc_close_sub
                0x00003d04       0x68 ./synergy/ssp/src/driver/r_adc/r_adc.o
 .text.R_ADC_Close
                0x00003d6c      0x104 ./synergy/ssp/src/driver/r_adc/r_adc.o
                0x00003d6c                R_ADC_Close
 .text.R_ADC_Open
                0x00003e70      0x448 ./synergy/ssp/src/driver/r_adc/r_adc.o
                0x00003e70                R_ADC_Open
 .text.R_ADC_ScanConfigure
                0x000042b8      0x434 ./synergy/ssp/src/driver/r_adc/r_adc.o
                0x000042b8                R_ADC_ScanConfigure
 .text.R_BSP_CacheOff
                0x000046ec       0x28 ./synergy/ssp/src/bsp/mcu/s7g2/bsp_cache.o
                0x000046ec                R_BSP_CacheOff
 .text.R_BSP_CacheSet
                0x00004714       0x48 ./synergy/ssp/src/bsp/mcu/s7g2/bsp_cache.o
                0x00004714                R_BSP_CacheSet
 .text.bsp_clock_init
                0x0000475c       0x90 ./synergy/ssp/src/bsp/mcu/s7g2/bsp_clocks.o
                0x0000475c                bsp_clock_init
 .text.bsp_cpu_clock_get
                0x000047ec       0x20 ./synergy/ssp/src/bsp/mcu/s7g2/bsp_clocks.o
                0x000047ec                bsp_cpu_clock_get
 .text.bsp_clock_set_callback
                0x0000480c      0x138 ./synergy/ssp/src/bsp/mcu/s7g2/bsp_clocks.o
                0x0000480c                bsp_clock_set_callback
 .text.R_BSP_FeatureSciGet
                0x00004944        0x8 ./synergy/ssp/src/bsp/mcu/s7g2/bsp_feature.o
                0x00004944                R_BSP_FeatureSciGet
 .text.R_BSP_FeatureAdcGet
                0x0000494c       0x30 ./synergy/ssp/src/bsp/mcu/s7g2/bsp_feature.o
                0x0000494c                R_BSP_FeatureAdcGet
 .text.R_BSP_FeatureIoportGet
                0x0000497c        0xc ./synergy/ssp/src/bsp/mcu/s7g2/bsp_feature.o
                0x0000497c                R_BSP_FeatureIoportGet
 .text.R_BSP_FeatureCgcGet
                0x00004988        0xc ./synergy/ssp/src/bsp/mcu/s7g2/bsp_feature.o
                0x00004988                R_BSP_FeatureCgcGet
 .text.bsp_group_interrupt_open
                0x00004994       0x18 ./synergy/ssp/src/bsp/mcu/s7g2/bsp_group_irq.o
                0x00004994                bsp_group_interrupt_open
 .text.R_BSP_GroupIrqWrite
                0x000049ac       0x10 ./synergy/ssp/src/bsp/mcu/s7g2/bsp_group_irq.o
                0x000049ac                R_BSP_GroupIrqWrite
 .text.NMI_Handler
                0x000049bc      0x1c8 ./synergy/ssp/src/bsp/mcu/s7g2/bsp_group_irq.o
                0x000049bc                NMI_Handler
 .text.r_bsp_module_start_stop
                0x00004b84       0xa8 ./synergy/ssp/src/bsp/mcu/s7g2/bsp_module_stop.o
 .text.R_BSP_ModuleStop
                0x00004c2c        0x8 ./synergy/ssp/src/bsp/mcu/s7g2/bsp_module_stop.o
                0x00004c2c                R_BSP_ModuleStop
 .text.R_BSP_ModuleStart
                0x00004c34        0x8 ./synergy/ssp/src/bsp/mcu/s7g2/bsp_module_stop.o
                0x00004c34                R_BSP_ModuleStart
 .text.software_delay_loop
                0x00004c3c        0xc ./synergy/ssp/src/bsp/mcu/all/bsp_delay.o
 .text.R_BSP_SoftwareDelay
                0x00004c48       0x60 ./synergy/ssp/src/bsp/mcu/all/bsp_delay.o
                0x00004c48                R_BSP_SoftwareDelay
 .text.R_BSP_IrqStatusClear
                0x00004ca8       0x18 ./synergy/ssp/src/bsp/mcu/all/bsp_irq.o
                0x00004ca8                R_BSP_IrqStatusClear
 .text.bsp_irq_cfg
                0x00004cc0       0x40 ./synergy/ssp/src/bsp/mcu/all/bsp_irq.o
                0x00004cc0                bsp_irq_cfg
 .text.R_BSP_SoftwareLock
                0x00004d00       0x20 ./synergy/ssp/src/bsp/mcu/all/bsp_locking.o
                0x00004d00                R_BSP_SoftwareLock
 .text.R_BSP_SoftwareUnlock
                0x00004d20        0x8 ./synergy/ssp/src/bsp/mcu/all/bsp_locking.o
                0x00004d20                R_BSP_SoftwareUnlock
 .text.R_BSP_HardwareLock
                0x00004d28       0x68 ./synergy/ssp/src/bsp/mcu/all/bsp_locking.o
                0x00004d28                R_BSP_HardwareLock
 .text.R_BSP_HardwareUnlock
                0x00004d90       0x4c ./synergy/ssp/src/bsp/mcu/all/bsp_locking.o
                0x00004d90                R_BSP_HardwareUnlock
 .text.bsp_init_hardware_locks
                0x00004ddc       0x68 ./synergy/ssp/src/bsp/mcu/all/bsp_locking.o
                0x00004ddc                bsp_init_hardware_locks
 .text.R_BSP_RegisterProtectEnable
                0x00004e44       0x60 ./synergy/ssp/src/bsp/mcu/all/bsp_register_protection.o
                0x00004e44                R_BSP_RegisterProtectEnable
 .text.R_BSP_RegisterProtectDisable
                0x00004ea4       0x4c ./synergy/ssp/src/bsp/mcu/all/bsp_register_protection.o
                0x00004ea4                R_BSP_RegisterProtectDisable
 .text.bsp_register_protect_open
                0x00004ef0       0x10 ./synergy/ssp/src/bsp/mcu/all/bsp_register_protection.o
                0x00004ef0                bsp_register_protect_open
 .text.Default_Handler
                0x00004f00        0x4 ./synergy/ssp/src/bsp/cmsis/Device/RENESAS/S7G2/Source/startup_S7G2.o
                0x00004f00                HardFault_Handler
                0x00004f00                UsageFault_Handler
                0x00004f00                Default_Handler
                0x00004f00                MemManage_Handler
                0x00004f00                SVC_Handler
                0x00004f00                BusFault_Handler
                0x00004f00                DebugMon_Handler
 .text.Reset_Handler
                0x00004f04        0xc ./synergy/ssp/src/bsp/cmsis/Device/RENESAS/S7G2/Source/startup_S7G2.o
                0x00004f04                Reset_Handler
 .text.R_BSP_WarmStart
                0x00004f10        0x4 ./synergy/ssp/src/bsp/cmsis/Device/RENESAS/S7G2/Source/system_S7G2.o
                0x00004f10                R_BSP_WarmStart
 .text.SystemInit
                0x00004f14       0xe0 ./synergy/ssp/src/bsp/cmsis/Device/RENESAS/S7G2/Source/system_S7G2.o
                0x00004f14                SystemInit
 .text.bsp_init
                0x00004ff4        0x4 ./synergy/board/s7g2_sk/bsp_init.o
                0x00004ff4                bsp_init
 .text.bsp_qspi_xip_mode
                0x00004ff8       0x84 ./synergy/board/s7g2_sk/bsp_qspi.o
 .text.bsp_qspi_init
                0x0000507c      0x138 ./synergy/board/s7g2_sk/bsp_qspi.o
                0x0000507c                bsp_qspi_init
 .text.g_common_init
                0x000051b4        0x4 ./src/synergy_gen/common_data.o
                0x000051b4                g_common_init
 .text.g_hal_init
                0x000051b8        0x4 ./src/synergy_gen/hal_data.o
                0x000051b8                g_hal_init
 .text.lcd_thread_func
                0x000051bc       0x10 ./src/synergy_gen/lcd_thread.o
 .text.lcd_thread_create
                0x000051cc       0x58 ./src/synergy_gen/lcd_thread.o
                0x000051cc                lcd_thread_create
 .text.tx_application_define_internal
                0x00005224        0x4 ./src/synergy_gen/main.o
                0x00005224                tx_application_define_user
                0x00005224                tx_application_define_internal
 .text.tx_startup_err_callback_internal
                0x00005228        0x4 ./src/synergy_gen/main.o
                0x00005228                tx_startup_err_callback_internal
                0x00005228                tx_startup_err_callback
 .text.tx_application_define
                0x0000522c       0x44 ./src/synergy_gen/main.o
                0x0000522c                tx_application_define
 .text.tx_startup_common_init
                0x00005270       0x64 ./src/synergy_gen/main.o
                0x00005270                tx_startup_common_init
 .text.startup.main
                0x000052d4        0xc ./src/synergy_gen/main.o
                0x000052d4                main
 .text.system_thread_func
                0x000052e0       0x10 ./src/synergy_gen/system_thread.o
 .text.system_thread_create
                0x000052f0       0x58 ./src/synergy_gen/system_thread.o
                0x000052f0                system_thread_create
 .text.lcd_thread_entry
                0x00005348       0x20 ./src/lcd_thread_entry.o
                0x00005348                lcd_thread_entry
 .text.g_lcd_spi_callback
                0x00005368        0x4 ./src/lcd_thread_entry.o
                0x00005368                g_lcd_spi_callback
 .text.system_thread_entry
                0x0000536c       0x3c ./src/system_thread_entry.o
                0x0000536c                system_thread_entry
 .text._txe_semaphore_create
                0x000053a8       0xa8 C:\REPOS\Proyecto_Integrador\synergy\ssp\src\framework\el\tx\cm4_gcc\libtx.a(txe_semaphore_create.o)
                0x000053a8                _txe_semaphore_create
 .text._txe_semaphore_get
                0x00005450       0x2c C:\REPOS\Proyecto_Integrador\synergy\ssp\src\framework\el\tx\cm4_gcc\libtx.a(txe_semaphore_get.o)
                0x00005450                _txe_semaphore_get
 .text._txe_semaphore_put
                0x0000547c       0x18 C:\REPOS\Proyecto_Integrador\synergy\ssp\src\framework\el\tx\cm4_gcc\libtx.a(txe_semaphore_put.o)
                0x0000547c                _txe_semaphore_put
 .text._txe_thread_create
                0x00005494      0x144 C:\REPOS\Proyecto_Integrador\synergy\ssp\src\framework\el\tx\cm4_gcc\libtx.a(txe_thread_create.o)
                0x00005494                _txe_thread_create
 .text._tx_initialize_high_level
                0x000055d8       0x88 C:\REPOS\Proyecto_Integrador\synergy\ssp\src\framework\el\tx\cm4_gcc\libtx.a(tx_initialize_high_level.o)
                0x000055d8                _tx_initialize_high_level
 .text._tx_initialize_kernel_enter
                0x00005660       0x48 C:\REPOS\Proyecto_Integrador\synergy\ssp\src\framework\el\tx\cm4_gcc\libtx.a(tx_initialize_kernel_enter.o)
                0x00005660                _tx_initialize_kernel_enter
 .text.tx_isr_end
                0x000056a8        0x4 C:\REPOS\Proyecto_Integrador\synergy\ssp\src\framework\el\tx\cm4_gcc\libtx.a(tx_isr_end.o)
                0x000056a8                tx_isr_end
 .text.tx_isr_start
                0x000056ac        0x4 C:\REPOS\Proyecto_Integrador\synergy\ssp\src\framework\el\tx\cm4_gcc\libtx.a(tx_isr_start.o)
                0x000056ac                tx_isr_start
 .text._tx_semaphore_create
                0x000056b0       0x54 C:\REPOS\Proyecto_Integrador\synergy\ssp\src\framework\el\tx\cm4_gcc\libtx.a(tx_semaphore_create.o)
                0x000056b0                _tx_semaphore_create
 .text._tx_semaphore_get
                0x00005704       0x8c C:\REPOS\Proyecto_Integrador\synergy\ssp\src\framework\el\tx\cm4_gcc\libtx.a(tx_semaphore_get.o)
                0x00005704                _tx_semaphore_get
 .text._tx_semaphore_put
                0x00005790       0x54 C:\REPOS\Proyecto_Integrador\synergy\ssp\src\framework\el\tx\cm4_gcc\libtx.a(tx_semaphore_put.o)
                0x00005790                _tx_semaphore_put
 .text._tx_thread_create
                0x000057e4      0x13c C:\REPOS\Proyecto_Integrador\synergy\ssp\src\framework\el\tx\cm4_gcc\libtx.a(tx_thread_create.o)
                0x000057e4                _tx_thread_create
 .text._tx_thread_initialize
                0x00005920       0x68 C:\REPOS\Proyecto_Integrador\synergy\ssp\src\framework\el\tx\cm4_gcc\libtx.a(tx_thread_initialize.o)
                0x00005920                _tx_thread_initialize
 .text._tx_thread_shell_entry
                0x00005988       0x48 C:\REPOS\Proyecto_Integrador\synergy\ssp\src\framework\el\tx\cm4_gcc\libtx.a(tx_thread_shell_entry.o)
                0x00005988                _tx_thread_shell_entry
 .text._tx_thread_sleep
                0x000059d0       0x64 C:\REPOS\Proyecto_Integrador\synergy\ssp\src\framework\el\tx\cm4_gcc\libtx.a(tx_thread_sleep.o)
                0x000059d0                _tx_thread_sleep
 .text._tx_thread_system_preempt_check
                0x00005a34       0x3c C:\REPOS\Proyecto_Integrador\synergy\ssp\src\framework\el\tx\cm4_gcc\libtx.a(tx_thread_system_preempt_check.o)
                0x00005a34                _tx_thread_system_preempt_check
 .text._tx_thread_system_resume
                0x00005a70       0xec C:\REPOS\Proyecto_Integrador\synergy\ssp\src\framework\el\tx\cm4_gcc\libtx.a(tx_thread_system_resume.o)
                0x00005a70                _tx_thread_system_resume
 .text._tx_thread_system_suspend
                0x00005b5c      0x104 C:\REPOS\Proyecto_Integrador\synergy\ssp\src\framework\el\tx\cm4_gcc\libtx.a(tx_thread_system_suspend.o)
                0x00005b5c                _tx_thread_system_suspend
 .text._tx_thread_timeout
                0x00005c60       0x40 C:\REPOS\Proyecto_Integrador\synergy\ssp\src\framework\el\tx\cm4_gcc\libtx.a(tx_thread_timeout.o)
                0x00005c60                _tx_thread_timeout
 .text._tx_timer_initialize
                0x00005ca0       0x7c C:\REPOS\Proyecto_Integrador\synergy\ssp\src\framework\el\tx\cm4_gcc\libtx.a(tx_timer_initialize.o)
                0x00005ca0                _tx_timer_initialize
 .text._tx_timer_system_activate
                0x00005d1c       0x54 C:\REPOS\Proyecto_Integrador\synergy\ssp\src\framework\el\tx\cm4_gcc\libtx.a(tx_timer_system_activate.o)
                0x00005d1c                _tx_timer_system_activate
 .text._tx_timer_system_deactivate
                0x00005d70       0x2c C:\REPOS\Proyecto_Integrador\synergy\ssp\src\framework\el\tx\cm4_gcc\libtx.a(tx_timer_system_deactivate.o)
                0x00005d70                _tx_timer_system_deactivate
 .text._tx_initialize_low_level
                0x00005d9c       0x8c C:\REPOS\Proyecto_Integrador\synergy\ssp\src\framework\el\tx\cm4_gcc\libtx.a(tx_initialize_low_level.o)
                0x00005d9c                _tx_initialize_low_level
 .text._tx_thread_schedule
                0x00005e28       0x60 C:\REPOS\Proyecto_Integrador\synergy\ssp\src\framework\el\tx\cm4_gcc\libtx.a(tx_thread_schedule.o)
                0x00005e28                _tx_thread_schedule
 .text._tx_port_wait_thread_ready
                0x00005e88       0xac C:\REPOS\Proyecto_Integrador\synergy\ssp\src\framework\el\tx\cm4_gcc\libtx.a(tx_thread_schedule.o)
                0x00005e88                _tx_port_wait_thread_ready
 .text.PendSV_Handler
                0x00005f34       0xb4 C:\REPOS\Proyecto_Integrador\synergy\ssp\src\framework\el\tx\cm4_gcc\libtx.a(tx_thread_schedule.o)
                0x00005f34                PendSV_Handler
 .text.SysTick_Handler
                0x00005fe8        0x4 C:\REPOS\Proyecto_Integrador\synergy\ssp\src\framework\el\tx\cm4_gcc\libtx.a(tx_thread_schedule.o)
                0x00005fe8                SysTick_Handler
 .text._tx_thread_stack_build
                0x00005fec       0x48 C:\REPOS\Proyecto_Integrador\synergy\ssp\src\framework\el\tx\cm4_gcc\libtx.a(tx_thread_stack_build.o)
                0x00005fec                _tx_thread_stack_build
 .text._tx_timer_interrupt
                0x00006034       0xd4 C:\REPOS\Proyecto_Integrador\synergy\ssp\src\framework\el\tx\cm4_gcc\libtx.a(tx_timer_interrupt.o)
                0x00006034                _tx_timer_interrupt
 .text._tx_semaphore_cleanup
                0x00006108       0x80 C:\REPOS\Proyecto_Integrador\synergy\ssp\src\framework\el\tx\cm4_gcc\libtx.a(tx_semaphore_cleanup.o)
                0x00006108                _tx_semaphore_cleanup
 .text._tx_thread_time_slice
                0x00006188       0x74 C:\REPOS\Proyecto_Integrador\synergy\ssp\src\framework\el\tx\cm4_gcc\libtx.a(tx_thread_time_slice.o)
                0x00006188                _tx_thread_time_slice
 .text._tx_timer_expiration_process
                0x000061fc      0x10c C:\REPOS\Proyecto_Integrador\synergy\ssp\src\framework\el\tx\cm4_gcc\libtx.a(tx_timer_expiration_process.o)
                0x000061fc                _tx_timer_expiration_process
 .text.memset   0x00006308       0x10 c:/program files (x86)/gnu tools arm embedded/7 2017-q4-major/bin/../lib/gcc/arm-none-eabi/7.2.1/../../../../arm-none-eabi/lib/thumb/v7e-m/fpv4-sp/hard\libg_nano.a(lib_a-memset.o)
                0x00006308                memset
 *(.version)
 .version       0x00006318       0x60 ./synergy/ssp/src/bsp/mcu/all/bsp_common.o
 *(.init)
 .init          0x00006378        0x4 c:/program files (x86)/gnu tools arm embedded/7 2017-q4-major/bin/../lib/gcc/arm-none-eabi/7.2.1/thumb/v7e-m/fpv4-sp/hard/crti.o
                0x00006378                _init
 .init          0x0000637c        0x8 c:/program files (x86)/gnu tools arm embedded/7 2017-q4-major/bin/../lib/gcc/arm-none-eabi/7.2.1/thumb/v7e-m/fpv4-sp/hard/crtn.o
 *(.fini)
 .fini          0x00006384        0x4 c:/program files (x86)/gnu tools arm embedded/7 2017-q4-major/bin/../lib/gcc/arm-none-eabi/7.2.1/thumb/v7e-m/fpv4-sp/hard/crti.o
                0x00006384                _fini
 .fini          0x00006388        0x8 c:/program files (x86)/gnu tools arm embedded/7 2017-q4-major/bin/../lib/gcc/arm-none-eabi/7.2.1/thumb/v7e-m/fpv4-sp/hard/crtn.o
 *crtbegin.o(.ctors)
 *crtbegin?.o(.ctors)
 *(EXCLUDE_FILE(*crtend.o *crtend?.o) .ctors)
 *(SORT_BY_NAME(.ctors.*))
 *(.ctors)
 *crtbegin.o(.dtors)
 *crtbegin?.o(.dtors)
 *(EXCLUDE_FILE(*crtend.o *crtend?.o) .dtors)
 *(SORT_BY_NAME(.dtors.*))
 *(.dtors)
 *(.rodata*)
 .rodata.g_dummy
                0x00006390        0x4 ./synergy/ssp/src/driver/r_sci_spi/r_sci_spi.o
 .rodata.g_sci_spi_version
                0x00006394        0x4 ./synergy/ssp/src/driver/r_sci_spi/r_sci_spi.o
 .rodata.g_spi_on_sci
                0x00006398       0x18 ./synergy/ssp/src/driver/r_sci_spi/r_sci_spi.o
                0x00006398                g_spi_on_sci
 .rodata.sync_baud
                0x000063b0       0x18 ./synergy/ssp/src/driver/r_sci_spi/r_sci_spi.o
 .rodata.g_ioport_on_ioport
                0x000063c8       0x3c ./synergy/ssp/src/driver/r_ioport/r_ioport.o
                0x000063c8                g_ioport_on_ioport
 .rodata.g_vbatt_pins_input
                0x00006404        0x6 ./synergy/ssp/src/driver/r_ioport/r_ioport.o
 *fill*         0x0000640a        0x2 ff
 .rodata.bit_count
                0x0000640c       0x80 ./synergy/ssp/src/driver/r_fmi/r_fmi.o
 .rodata.bit_count_mask
                0x0000648c        0x8 ./synergy/ssp/src/driver/r_fmi/r_fmi.o
 .rodata.g_fmi_on_fmi
                0x00006494       0x18 ./synergy/ssp/src/driver/r_fmi/r_fmi.o
                0x00006494                g_fmi_on_fmi
 .rodata.g_fmi_version
                0x000064ac        0x4 ./synergy/ssp/src/driver/r_fmi/r_fmi.o
 .rodata.g_elc_on_elc
                0x000064b0       0x1c ./synergy/ssp/src/driver/r_elc/r_elc.o
                0x000064b0                g_elc_on_elc
 .rodata.s_elc_version
                0x000064cc        0x4 ./synergy/ssp/src/driver/r_elc/r_elc.o
 .rodata.g_dtc_version
                0x000064d0        0x4 ./synergy/ssp/src/driver/r_dtc/r_dtc.o
 .rodata.g_transfer_on_dtc
                0x000064d4       0x28 ./synergy/ssp/src/driver/r_dtc/r_dtc.o
                0x000064d4                g_transfer_on_dtc
 .rodata.g_pllccr2_div_setting
                0x000064fc        0x8 ./synergy/ssp/src/driver/r_cgc/hw/hw_cgc.o
 .rodata.g_pllccr2_div_value
                0x00006504        0x6 ./synergy/ssp/src/driver/r_cgc/hw/hw_cgc.o
 *fill*         0x0000650a        0x2 ff
 .rodata.g_pllccr_div_setting
                0x0000650c        0x6 ./synergy/ssp/src/driver/r_cgc/hw/hw_cgc.o
 *fill*         0x00006512        0x2 ff
 .rodata.g_pllccr_div_value
                0x00006514        0x6 ./synergy/ssp/src/driver/r_cgc/hw/hw_cgc.o
 *fill*         0x0000651a        0x2 ff
 .rodata.g_cgc_on_cgc
                0x0000651c       0x6c ./synergy/ssp/src/driver/r_cgc/r_cgc.o
                0x0000651c                g_cgc_on_cgc
 .rodata.g_cgc_version
                0x00006588        0x4 ./synergy/ssp/src/driver/r_cgc/r_cgc.o
 .rodata.g_lcd_clock_settings
                0x0000658c        0x6 ./synergy/ssp/src/driver/r_cgc/r_cgc.o
 *fill*         0x00006592        0x2 ff
 .rodata.g_adc_on_adc
                0x00006594       0x34 ./synergy/ssp/src/driver/r_adc/r_adc.o
                0x00006594                g_adc_on_adc
 .rodata.s_adc_version
                0x000065c8        0x4 ./synergy/ssp/src/driver/r_adc/r_adc.o
 .rodata.g_cgc_feature
                0x000065cc       0x2c ./synergy/ssp/src/bsp/mcu/s7g2/bsp_feature.o
 .rodata.g_fmi_data
                0x000065f8      0x400 ./synergy/ssp/src/bsp/mcu/s7g2/bsp_fmi_R7FS7G27H3A01CFC.o
                0x000065f8                g_fmi_data
 .rodata.g_bsp_module_stop
                0x000069f8       0x46 ./synergy/ssp/src/bsp/mcu/s7g2/bsp_module_stop.o
 *fill*         0x00006a3e        0x2 ff
 .rodata.gp_mstp
                0x00006a40       0x10 ./synergy/ssp/src/bsp/mcu/s7g2/bsp_module_stop.o
 .rodata.gp_vector_information
                0x00006a50        0x4 ./synergy/ssp/src/bsp/mcu/all/bsp_irq.o
                0x00006a50                gp_vector_information
 .rodata.g_prcr_masks
                0x00006a54        0x6 ./synergy/ssp/src/bsp/mcu/all/bsp_register_protection.o
 *fill*         0x00006a5a        0x2 ff
 .rodata.g_elc_cfg
                0x00006a5c        0xc ./synergy/ssp/src/bsp/cmsis/Device/RENESAS/S7G2/Source/system_S7G2.o
 .rodata.g_spi_lcdc
                0x00006a68        0xc ./src/synergy_gen/lcd_thread.o
                0x00006a68                g_spi_lcdc
 .rodata.g_spi_lcdc_cfg
                0x00006a74       0x24 ./src/synergy_gen/lcd_thread.o
                0x00006a74                g_spi_lcdc_cfg
 .rodata.g_spi_lcdc_cfg_extend
                0x00006a98        0x1 ./src/synergy_gen/lcd_thread.o
                0x00006a98                g_spi_lcdc_cfg_extend
 *fill*         0x00006a99        0x3 ff
 .rodata.g_transfer0
                0x00006a9c        0xc ./src/synergy_gen/lcd_thread.o
                0x00006a9c                g_transfer0
 .rodata.g_transfer0_cfg
                0x00006aa8       0x14 ./src/synergy_gen/lcd_thread.o
                0x00006aa8                g_transfer0_cfg
 .rodata.g_transfer1
                0x00006abc        0xc ./src/synergy_gen/lcd_thread.o
                0x00006abc                g_transfer1
 .rodata.g_transfer1_cfg
                0x00006ac8       0x14 ./src/synergy_gen/lcd_thread.o
                0x00006ac8                g_transfer1_cfg
 .rodata.lcd_thread_create.str1.4
                0x00006adc        0xb ./src/synergy_gen/lcd_thread.o
 *fill*         0x00006ae7        0x1 ff
 .rodata.tx_application_define.str1.4
                0x00006ae8       0x14 ./src/synergy_gen/main.o
 .rodata.g_bsp_pin_cfg
                0x00006afc        0x8 ./src/synergy_gen/pin_data.o
                0x00006afc                g_bsp_pin_cfg
 .rodata.g_bsp_pin_cfg_data
                0x00006b04      0x3a0 ./src/synergy_gen/pin_data.o
                0x00006b04                g_bsp_pin_cfg_data
 .rodata.g_adc0
                0x00006ea4       0x10 ./src/synergy_gen/system_thread.o
                0x00006ea4                g_adc0
 .rodata.g_adc0_cfg
                0x00006eb4       0x1c ./src/synergy_gen/system_thread.o
                0x00006eb4                g_adc0_cfg
 .rodata.g_adc0_channel_cfg
                0x00006ed0       0x14 ./src/synergy_gen/system_thread.o
                0x00006ed0                g_adc0_channel_cfg
 .rodata.system_thread_create.str1.4
                0x00006ee4       0x10 ./src/synergy_gen/system_thread.o
                                  0xe (size before relaxing)
 .rodata.g_vfp_offset
                0x00006ef4        0x4 C:\REPOS\Proyecto_Integrador\synergy\ssp\src\framework\el\tx\cm4_gcc\libtx.a(tx_thread_schedule.o)
                0x00006ef4                g_vfp_offset
                0x00006ef8                __usb_dev_descriptor_start_fs = .
 *(.usb_device_desc_fs*)
                0x00006ef8                __usb_cfg_descriptor_start_fs = .
 *(.usb_config_desc_fs*)
                0x00006ef8                __usb_interface_descriptor_start_fs = .
 *(.usb_interface_desc_fs*)
                0x00006ef8                __usb_descriptor_end_fs = .
                0x00006ef8                __usb_dev_descriptor_start_hs = .
 *(.usb_device_desc_hs*)
                0x00006ef8                __usb_cfg_descriptor_start_hs = .
 *(.usb_config_desc_hs*)
                0x00006ef8                __usb_interface_descriptor_start_hs = .
 *(.usb_interface_desc_hs*)
                0x00006ef8                __usb_descriptor_end_hs = .
 *(.eh_frame*)
 .eh_frame      0x00006ef8        0x0 c:/program files (x86)/gnu tools arm embedded/7 2017-q4-major/bin/../lib/gcc/arm-none-eabi/7.2.1/thumb/v7e-m/fpv4-sp/hard/crtbegin.o
 .eh_frame      0x00006ef8        0x4 c:/program files (x86)/gnu tools arm embedded/7 2017-q4-major/bin/../lib/gcc/arm-none-eabi/7.2.1/thumb/v7e-m/fpv4-sp/hard/crtend.o
                0x00006efc                __ROM_End = .
                0x00000050                __Vectors_Size = (__Vectors_End - __Vectors)
                0x00000020                __Vector_Info_Size = (__Vector_Info_End - __Vector_Info_Start)
                0x000001b0                __Lock_Lookup_Size = (__Lock_Lookup_End - __Lock_Lookup_Start)

.glue_7         0x00006efc        0x0
 .glue_7        0x00006efc        0x0 linker stubs

.glue_7t        0x00006efc        0x0
 .glue_7t       0x00006efc        0x0 linker stubs

.vfp11_veneer   0x00006efc        0x0
 .vfp11_veneer  0x00006efc        0x0 linker stubs

.v4_bx          0x00006efc        0x0
 .v4_bx         0x00006efc        0x0 linker stubs

.iplt           0x00006efc        0x0
 .iplt          0x00006efc        0x0 c:/program files (x86)/gnu tools arm embedded/7 2017-q4-major/bin/../lib/gcc/arm-none-eabi/7.2.1/thumb/v7e-m/fpv4-sp/hard/crtbegin.o

.ARM.extab
 *(.ARM.extab* .gnu.linkonce.armextab.*)
                0x00006efc                __exidx_start = .

.ARM.exidx
 *(.ARM.exidx* .gnu.linkonce.armexidx.*)
                0x00006efc                __exidx_end = .
                0x00006efc                __etext = .

.ssp_dtc_vector_table
                0x1ffe0000      0x1c0
                0x1ffe0000                . = ORIGIN (RAM)
 *(.ssp_dtc_vector_table)
 .ssp_dtc_vector_table
                0x1ffe0000      0x1c0 ./synergy/ssp/src/driver/r_dtc/r_dtc.o

.data           0x1ffe01c0       0x98 load address 0x00006efc
                0x1ffe01c0                __data_start__ = .
 *(vtable)
 *(.data.*)
 .data.g_transfer0_info
                0x1ffe01c0       0x10 ./src/synergy_gen/lcd_thread.o
                0x1ffe01c0                g_transfer0_info
 .data.g_transfer1_info
                0x1ffe01d0       0x10 ./src/synergy_gen/lcd_thread.o
                0x1ffe01d0                g_transfer1_info
 .data._tx_thread_system_state
                0x1ffe01e0        0x4 C:\REPOS\Proyecto_Integrador\synergy\ssp\src\framework\el\tx\cm4_gcc\libtx.a(tx_thread_initialize.o)
                0x1ffe01e0                _tx_thread_system_state
                0x1ffe01e4                . = ALIGN (0x4)
                0x1ffe01e4                PROVIDE (__preinit_array_start, .)
 *(.preinit_array)
                0x1ffe01e4                PROVIDE (__preinit_array_end, .)
                0x1ffe01e4                . = ALIGN (0x4)
                0x1ffe01e4                PROVIDE (__init_array_start, .)
 *(SORT_BY_NAME(.init_array.*))
 *(.init_array)
 .init_array    0x1ffe01e4        0x4 c:/program files (x86)/gnu tools arm embedded/7 2017-q4-major/bin/../lib/gcc/arm-none-eabi/7.2.1/thumb/v7e-m/fpv4-sp/hard/crtbegin.o
                0x1ffe01e8                PROVIDE (__init_array_end, .)
                0x1ffe01e8                . = ALIGN (0x4)
                [!provide]                PROVIDE (__fini_array_start, .)
 *(SORT_BY_NAME(.fini_array.*))
 *(.fini_array)
 .fini_array    0x1ffe01e8        0x4 c:/program files (x86)/gnu tools arm embedded/7 2017-q4-major/bin/../lib/gcc/arm-none-eabi/7.2.1/thumb/v7e-m/fpv4-sp/hard/crtbegin.o
                [!provide]                PROVIDE (__fini_array_end, .)
 *(.jcr*)
                0x1ffe01ec                . = ALIGN (0x4)
                0x1ffe01ec                __Code_In_RAM_Start = .
 *(.code_in_ram*)
                0x1ffe01ec                __Code_In_RAM_End = .
                0x1ffe01ec                __Lock_Start = .
 *(SORT_BY_NAME(.hw_lock*))
 .hw_lock.ADC_0U_0U
                0x1ffe01ec        0x1 ./synergy/ssp/src/bsp/mcu/s7g2/bsp_hw_locks.o
                0x1ffe01ec                g_hw_lock_ADC_0U_0U
 .hw_lock.ADC_0U_1U
                0x1ffe01ed        0x1 ./synergy/ssp/src/bsp/mcu/s7g2/bsp_hw_locks.o
                0x1ffe01ed                g_hw_lock_ADC_0U_1U
 .hw_lock.AGT_0U_0U
                0x1ffe01ee        0x1 ./synergy/ssp/src/bsp/mcu/s7g2/bsp_hw_locks.o
                0x1ffe01ee                g_hw_lock_AGT_0U_0U
 .hw_lock.AGT_0U_1U
                0x1ffe01ef        0x1 ./synergy/ssp/src/bsp/mcu/s7g2/bsp_hw_locks.o
                0x1ffe01ef                g_hw_lock_AGT_0U_1U
 .hw_lock.BSC_0U_1U
                0x1ffe01f0        0x1 ./synergy/ssp/src/bsp/mcu/s7g2/bsp_hw_locks.o
                0x1ffe01f0                g_hw_lock_BSC_0U_1U
 .hw_lock.CAC_0U_0U
                0x1ffe01f1        0x1 ./synergy/ssp/src/bsp/mcu/s7g2/bsp_hw_locks.o
                0x1ffe01f1                g_hw_lock_CAC_0U_0U
 .hw_lock.CAN_0U_0U
                0x1ffe01f2        0x1 ./synergy/ssp/src/bsp/mcu/s7g2/bsp_hw_locks.o
                0x1ffe01f2                g_hw_lock_CAN_0U_0U
 .hw_lock.CAN_0U_1U
                0x1ffe01f3        0x1 ./synergy/ssp/src/bsp/mcu/s7g2/bsp_hw_locks.o
                0x1ffe01f3                g_hw_lock_CAN_0U_1U
 .hw_lock.COMP_HS_0U_0U
                0x1ffe01f4        0x1 ./synergy/ssp/src/bsp/mcu/s7g2/bsp_hw_locks.o
                0x1ffe01f4                g_hw_lock_COMP_HS_0U_0U
 .hw_lock.COMP_HS_0U_1U
                0x1ffe01f5        0x1 ./synergy/ssp/src/bsp/mcu/s7g2/bsp_hw_locks.o
                0x1ffe01f5                g_hw_lock_COMP_HS_0U_1U
 .hw_lock.COMP_HS_0U_2U
                0x1ffe01f6        0x1 ./synergy/ssp/src/bsp/mcu/s7g2/bsp_hw_locks.o
                0x1ffe01f6                g_hw_lock_COMP_HS_0U_2U
 .hw_lock.COMP_HS_0U_3U
                0x1ffe01f7        0x1 ./synergy/ssp/src/bsp/mcu/s7g2/bsp_hw_locks.o
                0x1ffe01f7                g_hw_lock_COMP_HS_0U_3U
 .hw_lock.COMP_HS_0U_4U
                0x1ffe01f8        0x1 ./synergy/ssp/src/bsp/mcu/s7g2/bsp_hw_locks.o
                0x1ffe01f8                g_hw_lock_COMP_HS_0U_4U
 .hw_lock.COMP_HS_0U_5U
                0x1ffe01f9        0x1 ./synergy/ssp/src/bsp/mcu/s7g2/bsp_hw_locks.o
                0x1ffe01f9                g_hw_lock_COMP_HS_0U_5U
 .hw_lock.CRC_0U_0U
                0x1ffe01fa        0x1 ./synergy/ssp/src/bsp/mcu/s7g2/bsp_hw_locks.o
                0x1ffe01fa                g_hw_lock_CRC_0U_0U
 .hw_lock.CTSU_0U_0U
                0x1ffe01fb        0x1 ./synergy/ssp/src/bsp/mcu/s7g2/bsp_hw_locks.o
                0x1ffe01fb                g_hw_lock_CTSU_0U_0U
 .hw_lock.DAAD_0U_0U
                0x1ffe01fc        0x1 ./synergy/ssp/src/bsp/mcu/s7g2/bsp_hw_locks.o
                0x1ffe01fc                g_hw_lock_DAAD_0U_0U
 .hw_lock.DAC_0U_0U
                0x1ffe01fd        0x1 ./synergy/ssp/src/bsp/mcu/s7g2/bsp_hw_locks.o
                0x1ffe01fd                g_hw_lock_DAC_0U_0U
 .hw_lock.DAC_0U_1U
                0x1ffe01fe        0x1 ./synergy/ssp/src/bsp/mcu/s7g2/bsp_hw_locks.o
                0x1ffe01fe                g_hw_lock_DAC_0U_1U
 .hw_lock.DMAC_0U_0U
                0x1ffe01ff        0x1 ./synergy/ssp/src/bsp/mcu/s7g2/bsp_hw_locks.o
                0x1ffe01ff                g_hw_lock_DMAC_0U_0U
 .hw_lock.DMAC_0U_1U
                0x1ffe0200        0x1 ./synergy/ssp/src/bsp/mcu/s7g2/bsp_hw_locks.o
                0x1ffe0200                g_hw_lock_DMAC_0U_1U
 .hw_lock.DMAC_0U_2U
                0x1ffe0201        0x1 ./synergy/ssp/src/bsp/mcu/s7g2/bsp_hw_locks.o
                0x1ffe0201                g_hw_lock_DMAC_0U_2U
 .hw_lock.DMAC_0U_3U
                0x1ffe0202        0x1 ./synergy/ssp/src/bsp/mcu/s7g2/bsp_hw_locks.o
                0x1ffe0202                g_hw_lock_DMAC_0U_3U
 .hw_lock.DMAC_0U_4U
                0x1ffe0203        0x1 ./synergy/ssp/src/bsp/mcu/s7g2/bsp_hw_locks.o
                0x1ffe0203                g_hw_lock_DMAC_0U_4U
 .hw_lock.DMAC_0U_5U
                0x1ffe0204        0x1 ./synergy/ssp/src/bsp/mcu/s7g2/bsp_hw_locks.o
                0x1ffe0204                g_hw_lock_DMAC_0U_5U
 .hw_lock.DMAC_0U_6U
                0x1ffe0205        0x1 ./synergy/ssp/src/bsp/mcu/s7g2/bsp_hw_locks.o
                0x1ffe0205                g_hw_lock_DMAC_0U_6U
 .hw_lock.DMAC_0U_7U
                0x1ffe0206        0x1 ./synergy/ssp/src/bsp/mcu/s7g2/bsp_hw_locks.o
                0x1ffe0206                g_hw_lock_DMAC_0U_7U
 .hw_lock.DOC_0U_0U
                0x1ffe0207        0x1 ./synergy/ssp/src/bsp/mcu/s7g2/bsp_hw_locks.o
                0x1ffe0207                g_hw_lock_DOC_0U_0U
 .hw_lock.DRW_0U_0U
                0x1ffe0208        0x1 ./synergy/ssp/src/bsp/mcu/s7g2/bsp_hw_locks.o
                0x1ffe0208                g_hw_lock_DRW_0U_0U
 .hw_lock.DTC_0U_0U
                0x1ffe0209        0x1 ./synergy/ssp/src/bsp/mcu/s7g2/bsp_hw_locks.o
                0x1ffe0209                g_hw_lock_DTC_0U_0U
 .hw_lock.ELC_0U_0U
                0x1ffe020a        0x1 ./synergy/ssp/src/bsp/mcu/s7g2/bsp_hw_locks.o
                0x1ffe020a                g_hw_lock_ELC_0U_0U
 .hw_lock.EPTPC_0U_0U
                0x1ffe020b        0x1 ./synergy/ssp/src/bsp/mcu/s7g2/bsp_hw_locks.o
                0x1ffe020b                g_hw_lock_EPTPC_0U_0U
 .hw_lock.ETHER_0U_0U
                0x1ffe020c        0x1 ./synergy/ssp/src/bsp/mcu/s7g2/bsp_hw_locks.o
                0x1ffe020c                g_hw_lock_ETHER_0U_0U
 .hw_lock.ETHER_0U_1U
                0x1ffe020d        0x1 ./synergy/ssp/src/bsp/mcu/s7g2/bsp_hw_locks.o
                0x1ffe020d                g_hw_lock_ETHER_0U_1U
 .hw_lock.FCU_0U_0U
                0x1ffe020e        0x1 ./synergy/ssp/src/bsp/mcu/s7g2/bsp_hw_locks.o
                0x1ffe020e                g_hw_lock_FCU_0U_0U
 .hw_lock.GLCDC_0U_0U
                0x1ffe020f        0x1 ./synergy/ssp/src/bsp/mcu/s7g2/bsp_hw_locks.o
                0x1ffe020f                g_hw_lock_GLCDC_0U_0U
 .hw_lock.GPT_0U_0U
                0x1ffe0210        0x1 ./synergy/ssp/src/bsp/mcu/s7g2/bsp_hw_locks.o
                0x1ffe0210                g_hw_lock_GPT_0U_0U
 .hw_lock.GPT_0U_10U
                0x1ffe0211        0x1 ./synergy/ssp/src/bsp/mcu/s7g2/bsp_hw_locks.o
                0x1ffe0211                g_hw_lock_GPT_0U_10U
 .hw_lock.GPT_0U_11U
                0x1ffe0212        0x1 ./synergy/ssp/src/bsp/mcu/s7g2/bsp_hw_locks.o
                0x1ffe0212                g_hw_lock_GPT_0U_11U
 .hw_lock.GPT_0U_12U
                0x1ffe0213        0x1 ./synergy/ssp/src/bsp/mcu/s7g2/bsp_hw_locks.o
                0x1ffe0213                g_hw_lock_GPT_0U_12U
 .hw_lock.GPT_0U_13U
                0x1ffe0214        0x1 ./synergy/ssp/src/bsp/mcu/s7g2/bsp_hw_locks.o
                0x1ffe0214                g_hw_lock_GPT_0U_13U
 .hw_lock.GPT_0U_1U
                0x1ffe0215        0x1 ./synergy/ssp/src/bsp/mcu/s7g2/bsp_hw_locks.o
                0x1ffe0215                g_hw_lock_GPT_0U_1U
 .hw_lock.GPT_0U_2U
                0x1ffe0216        0x1 ./synergy/ssp/src/bsp/mcu/s7g2/bsp_hw_locks.o
                0x1ffe0216                g_hw_lock_GPT_0U_2U
 .hw_lock.GPT_0U_3U
                0x1ffe0217        0x1 ./synergy/ssp/src/bsp/mcu/s7g2/bsp_hw_locks.o
                0x1ffe0217                g_hw_lock_GPT_0U_3U
 .hw_lock.GPT_0U_4U
                0x1ffe0218        0x1 ./synergy/ssp/src/bsp/mcu/s7g2/bsp_hw_locks.o
                0x1ffe0218                g_hw_lock_GPT_0U_4U
 .hw_lock.GPT_0U_5U
                0x1ffe0219        0x1 ./synergy/ssp/src/bsp/mcu/s7g2/bsp_hw_locks.o
                0x1ffe0219                g_hw_lock_GPT_0U_5U
 .hw_lock.GPT_0U_6U
                0x1ffe021a        0x1 ./synergy/ssp/src/bsp/mcu/s7g2/bsp_hw_locks.o
                0x1ffe021a                g_hw_lock_GPT_0U_6U
 .hw_lock.GPT_0U_7U
                0x1ffe021b        0x1 ./synergy/ssp/src/bsp/mcu/s7g2/bsp_hw_locks.o
                0x1ffe021b                g_hw_lock_GPT_0U_7U
 .hw_lock.GPT_0U_8U
                0x1ffe021c        0x1 ./synergy/ssp/src/bsp/mcu/s7g2/bsp_hw_locks.o
                0x1ffe021c                g_hw_lock_GPT_0U_8U
 .hw_lock.GPT_0U_9U
                0x1ffe021d        0x1 ./synergy/ssp/src/bsp/mcu/s7g2/bsp_hw_locks.o
                0x1ffe021d                g_hw_lock_GPT_0U_9U
 .hw_lock.ICU_0U_0U
                0x1ffe021e        0x1 ./synergy/ssp/src/bsp/mcu/s7g2/bsp_hw_locks.o
                0x1ffe021e                g_hw_lock_ICU_0U_0U
 .hw_lock.ICU_0U_10U
                0x1ffe021f        0x1 ./synergy/ssp/src/bsp/mcu/s7g2/bsp_hw_locks.o
                0x1ffe021f                g_hw_lock_ICU_0U_10U
 .hw_lock.ICU_0U_11U
                0x1ffe0220        0x1 ./synergy/ssp/src/bsp/mcu/s7g2/bsp_hw_locks.o
                0x1ffe0220                g_hw_lock_ICU_0U_11U
 .hw_lock.ICU_0U_12U
                0x1ffe0221        0x1 ./synergy/ssp/src/bsp/mcu/s7g2/bsp_hw_locks.o
                0x1ffe0221                g_hw_lock_ICU_0U_12U
 .hw_lock.ICU_0U_13U
                0x1ffe0222        0x1 ./synergy/ssp/src/bsp/mcu/s7g2/bsp_hw_locks.o
                0x1ffe0222                g_hw_lock_ICU_0U_13U
 .hw_lock.ICU_0U_14U
                0x1ffe0223        0x1 ./synergy/ssp/src/bsp/mcu/s7g2/bsp_hw_locks.o
                0x1ffe0223                g_hw_lock_ICU_0U_14U
 .hw_lock.ICU_0U_15U
                0x1ffe0224        0x1 ./synergy/ssp/src/bsp/mcu/s7g2/bsp_hw_locks.o
                0x1ffe0224                g_hw_lock_ICU_0U_15U
 .hw_lock.ICU_0U_1U
                0x1ffe0225        0x1 ./synergy/ssp/src/bsp/mcu/s7g2/bsp_hw_locks.o
                0x1ffe0225                g_hw_lock_ICU_0U_1U
 .hw_lock.ICU_0U_2U
                0x1ffe0226        0x1 ./synergy/ssp/src/bsp/mcu/s7g2/bsp_hw_locks.o
                0x1ffe0226                g_hw_lock_ICU_0U_2U
 .hw_lock.ICU_0U_3U
                0x1ffe0227        0x1 ./synergy/ssp/src/bsp/mcu/s7g2/bsp_hw_locks.o
                0x1ffe0227                g_hw_lock_ICU_0U_3U
 .hw_lock.ICU_0U_4U
                0x1ffe0228        0x1 ./synergy/ssp/src/bsp/mcu/s7g2/bsp_hw_locks.o
                0x1ffe0228                g_hw_lock_ICU_0U_4U
 .hw_lock.ICU_0U_5U
                0x1ffe0229        0x1 ./synergy/ssp/src/bsp/mcu/s7g2/bsp_hw_locks.o
                0x1ffe0229                g_hw_lock_ICU_0U_5U
 .hw_lock.ICU_0U_6U
                0x1ffe022a        0x1 ./synergy/ssp/src/bsp/mcu/s7g2/bsp_hw_locks.o
                0x1ffe022a                g_hw_lock_ICU_0U_6U
 .hw_lock.ICU_0U_7U
                0x1ffe022b        0x1 ./synergy/ssp/src/bsp/mcu/s7g2/bsp_hw_locks.o
                0x1ffe022b                g_hw_lock_ICU_0U_7U
 .hw_lock.ICU_0U_8U
                0x1ffe022c        0x1 ./synergy/ssp/src/bsp/mcu/s7g2/bsp_hw_locks.o
                0x1ffe022c                g_hw_lock_ICU_0U_8U
 .hw_lock.ICU_0U_9U
                0x1ffe022d        0x1 ./synergy/ssp/src/bsp/mcu/s7g2/bsp_hw_locks.o
                0x1ffe022d                g_hw_lock_ICU_0U_9U
 .hw_lock.IIC_0U_0U
                0x1ffe022e        0x1 ./synergy/ssp/src/bsp/mcu/s7g2/bsp_hw_locks.o
                0x1ffe022e                g_hw_lock_IIC_0U_0U
 .hw_lock.IIC_0U_1U
                0x1ffe022f        0x1 ./synergy/ssp/src/bsp/mcu/s7g2/bsp_hw_locks.o
                0x1ffe022f                g_hw_lock_IIC_0U_1U
 .hw_lock.IIC_0U_2U
                0x1ffe0230        0x1 ./synergy/ssp/src/bsp/mcu/s7g2/bsp_hw_locks.o
                0x1ffe0230                g_hw_lock_IIC_0U_2U
 .hw_lock.IRDA_0U_0U
                0x1ffe0231        0x1 ./synergy/ssp/src/bsp/mcu/s7g2/bsp_hw_locks.o
                0x1ffe0231                g_hw_lock_IRDA_0U_0U
 .hw_lock.IWDT_0U_0U
                0x1ffe0232        0x1 ./synergy/ssp/src/bsp/mcu/s7g2/bsp_hw_locks.o
                0x1ffe0232                g_hw_lock_IWDT_0U_0U
 .hw_lock.JPEG_0U_0U
                0x1ffe0233        0x1 ./synergy/ssp/src/bsp/mcu/s7g2/bsp_hw_locks.o
                0x1ffe0233                g_hw_lock_JPEG_0U_0U
 .hw_lock.KEY_0U_0U
                0x1ffe0234        0x1 ./synergy/ssp/src/bsp/mcu/s7g2/bsp_hw_locks.o
                0x1ffe0234                g_hw_lock_KEY_0U_0U
 .hw_lock.LPM_1U_0U
                0x1ffe0235        0x1 ./synergy/ssp/src/bsp/mcu/s7g2/bsp_hw_locks.o
                0x1ffe0235                g_hw_lock_LPM_1U_0U
 .hw_lock.LVD_0U_0U
                0x1ffe0236        0x1 ./synergy/ssp/src/bsp/mcu/s7g2/bsp_hw_locks.o
                0x1ffe0236                g_hw_lock_LVD_0U_0U
 .hw_lock.LVD_0U_1U
                0x1ffe0237        0x1 ./synergy/ssp/src/bsp/mcu/s7g2/bsp_hw_locks.o
                0x1ffe0237                g_hw_lock_LVD_0U_1U
 .hw_lock.MMF_0U_0U
                0x1ffe0238        0x1 ./synergy/ssp/src/bsp/mcu/s7g2/bsp_hw_locks.o
                0x1ffe0238                g_hw_lock_MMF_0U_0U
 .hw_lock.MPU_0U_0U
                0x1ffe0239        0x1 ./synergy/ssp/src/bsp/mcu/s7g2/bsp_hw_locks.o
                0x1ffe0239                g_hw_lock_MPU_0U_0U
 .hw_lock.OPS_0U_0U
                0x1ffe023a        0x1 ./synergy/ssp/src/bsp/mcu/s7g2/bsp_hw_locks.o
                0x1ffe023a                g_hw_lock_OPS_0U_0U
 .hw_lock.PDC_0U_0U
                0x1ffe023b        0x1 ./synergy/ssp/src/bsp/mcu/s7g2/bsp_hw_locks.o
                0x1ffe023b                g_hw_lock_PDC_0U_0U
 .hw_lock.POEG_0U_0U
                0x1ffe023c        0x1 ./synergy/ssp/src/bsp/mcu/s7g2/bsp_hw_locks.o
                0x1ffe023c                g_hw_lock_POEG_0U_0U
 .hw_lock.POEG_0U_1U
                0x1ffe023d        0x1 ./synergy/ssp/src/bsp/mcu/s7g2/bsp_hw_locks.o
                0x1ffe023d                g_hw_lock_POEG_0U_1U
 .hw_lock.POEG_0U_2U
                0x1ffe023e        0x1 ./synergy/ssp/src/bsp/mcu/s7g2/bsp_hw_locks.o
                0x1ffe023e                g_hw_lock_POEG_0U_2U
 .hw_lock.POEG_0U_3U
                0x1ffe023f        0x1 ./synergy/ssp/src/bsp/mcu/s7g2/bsp_hw_locks.o
                0x1ffe023f                g_hw_lock_POEG_0U_3U
 .hw_lock.QSPI_0U_0U
                0x1ffe0240        0x1 ./synergy/ssp/src/bsp/mcu/s7g2/bsp_hw_locks.o
                0x1ffe0240                g_hw_lock_QSPI_0U_0U
 .hw_lock.RTC_0U_0U
                0x1ffe0241        0x1 ./synergy/ssp/src/bsp/mcu/s7g2/bsp_hw_locks.o
                0x1ffe0241                g_hw_lock_RTC_0U_0U
 .hw_lock.SCE_0U_0U
                0x1ffe0242        0x1 ./synergy/ssp/src/bsp/mcu/s7g2/bsp_hw_locks.o
                0x1ffe0242                g_hw_lock_SCE_0U_0U
 .hw_lock.SCI_0U_0U
                0x1ffe0243        0x1 ./synergy/ssp/src/bsp/mcu/s7g2/bsp_hw_locks.o
                0x1ffe0243                g_hw_lock_SCI_0U_0U
 .hw_lock.SCI_0U_1U
                0x1ffe0244        0x1 ./synergy/ssp/src/bsp/mcu/s7g2/bsp_hw_locks.o
                0x1ffe0244                g_hw_lock_SCI_0U_1U
 .hw_lock.SCI_0U_2U
                0x1ffe0245        0x1 ./synergy/ssp/src/bsp/mcu/s7g2/bsp_hw_locks.o
                0x1ffe0245                g_hw_lock_SCI_0U_2U
 .hw_lock.SCI_0U_3U
                0x1ffe0246        0x1 ./synergy/ssp/src/bsp/mcu/s7g2/bsp_hw_locks.o
                0x1ffe0246                g_hw_lock_SCI_0U_3U
 .hw_lock.SCI_0U_4U
                0x1ffe0247        0x1 ./synergy/ssp/src/bsp/mcu/s7g2/bsp_hw_locks.o
                0x1ffe0247                g_hw_lock_SCI_0U_4U
 .hw_lock.SCI_0U_5U